[     344ms] [INFO] %cDownload the React DevTools for a better development experience: https://react.dev/link/react-devtools font-weight:bold @ webpack-internal:///(app-pages-browser)/./node_modules/next/dist/compiled/react-dom/cjs/react-dom-client.development.js:25630
[     514ms] [LOG] ✅ [APP_SINGLETON] App instance mounted @ webpack-internal:///(app-pages-browser)/./components/app-singleton.tsx:145
[     924ms] [LOG] 🔧 [APP_SINGLETON] Setting up Monaco environment (deferred)... @ webpack-internal:///(app-pages-browser)/./components/app-singleton.tsx:223
[     924ms] [LOG] [Monaco Environment] Setting up Monaco environment with full language services... @ webpack-internal:///(app-pages-browser)/./lib/monaco-environment.ts:18
[     924ms] [LOG] [Monaco Environment] ✅ Fetch interceptor configured for Azure schemas @ webpack-internal:///(app-pages-browser)/./lib/monaco-environment.ts:61
[     925ms] [LOG] ✅ [APP_SINGLETON] Monaco environment setup completed @ webpack-internal:///(app-pages-browser)/./components/app-singleton.tsx:225
[    1622ms] [LOG] [Monaco Environment] ✅ Markdown language registered globally @ webpack-internal:///(app-pages-browser)/./lib/monaco-environment.ts:260
[    1622ms] [LOG] [Monaco Environment] ✅ Full language service workers configured @ webpack-internal:///(app-pages-browser)/./lib/monaco-environment.ts:297
[    1623ms] [LOG] 🔵 [AUTH_LAYOUT] Auth layout rendered {pathname: /app/overview, timestamp: 2026-05-16T23:11:07.691Z} @ webpack-internal:///(app-pages-browser)/./app/(auth)/auth-layout-client.tsx:30
[    1627ms] [LOG] 🎯 [Tour] Generating dashboard tour steps {currentPathname: /app/overview, DASHBOARD_PAGE_URL: /app/overview, matches: true} @ webpack-internal:///(app-pages-browser)/./hooks/use-product-tour.ts:114
[    1640ms] [LOG] 🔵 [AUTH_LAYOUT] Auth layout rendered {pathname: /app/overview, timestamp: 2026-05-16T23:11:07.708Z} @ webpack-internal:///(app-pages-browser)/./app/(auth)/auth-layout-client.tsx:30
[    1640ms] [LOG] 🎯 [Tour] Generating dashboard tour steps {currentPathname: /app/overview, DASHBOARD_PAGE_URL: /app/overview, matches: true} @ webpack-internal:///(app-pages-browser)/./hooks/use-product-tour.ts:114
[    1713ms] Error: Hydration failed because the server rendered HTML didn't match the client. As a result this tree will be regenerated on the client. This can happen if a SSR-ed Client Component used:

- A server/client branch `if (typeof window !== 'undefined')`.
- Variable input such as `Date.now()` or `Math.random()` which changes each time it's called.
- Date formatting in a user's locale which doesn't match the server.
- External changing data without sending a snapshot of it along with the HTML.
- Invalid HTML tag nesting.

It can also happen if the client has a browser extension installed which messes with the HTML before React loaded.

https://react.dev/link/hydration-mismatch

  ...
    <ApplicationInsightsProvider>
      <ThemeProvider attribute="class" defaultTheme="system" enableSystem={true} disableTransitionOnChange={true}>
        <$ attribute="class" defaultTheme="system" enableSystem={true} storageKey="theme" enableColorScheme={false} ...>
          <f attribute="class" defaultTheme="system" enableSystem={true} storageKey="theme" enableColorScheme={false} ...>
            <script>
            <ThemeSync>
            <GlobalDataProvider>
              <RealtimeNotificationsListener>
              <AuthLayoutClient>
                <AuthLayoutApp>
                  <LoaderThemeProvider value="app">
                    <Layout>
                      <div
+                       className="font-arial text-sm antialiased h-screen w-screen flex flex-row bg-transparent overf..."
-                       className="fixed inset-0 z-[var(--z-modal-backdrop)] flex items-center justify-center w-full h..."
+                       data-authenticated="true"
-                       data-authenticated={null}
-                       aria-busy="true"
-                       aria-live="polite"
-                       data-loader-theme="app"
-                       data-loader-variant="page-loading"
                      >
                        <Sidebar>
+                         <div className="relative flex" data-tour="sidebar">
                        ...
              ...
              ...
              ...

    at throwOnHydrationMismatch (webpack-internal:///(app-pages-browser)/./node_modules/next/dist/compiled/react-dom/cjs/react-dom-client.development.js:4506:11)
    at beginWork (webpack-internal:///(app-pages-browser)/./node_modules/next/dist/compiled/react-dom/cjs/react-dom-client.development.js:11107:17)
    at runWithFiberInDEV (webpack-internal:///(app-pages-browser)/./node_modules/next/dist/compiled/react-dom/cjs/react-dom-client.development.js:872:30)
    at performUnitOfWork (webpack-internal:///(app-pages-browser)/./node_modules/next/dist/compiled/react-dom/cjs/react-dom-client.development.js:15727:22)
    at workLoopConcurrentByScheduler (webpack-internal:///(app-pages-browser)/./node_modules/next/dist/compiled/react-dom/cjs/react-dom-client.development.js:15721:9)
    at renderRootConcurrent (webpack-internal:///(app-pages-browser)/./node_modules/next/dist/compiled/react-dom/cjs/react-dom-client.development.js:15696:15)
    at performWorkOnRoot (webpack-internal:///(app-pages-browser)/./node_modules/next/dist/compiled/react-dom/cjs/react-dom-client.development.js:14990:13)
    at performWorkOnRootViaSchedulerTask (webpack-internal:///(app-pages-browser)/./node_modules/next/dist/compiled/react-dom/cjs/react-dom-client.development.js:16816:7)
    at MessagePort.performWorkUntilDeadline (webpack-internal:///(app-pages-browser)/./node_modules/next/dist/compiled/scheduler/cjs/scheduler.development.js:45:48)
[    1718ms] [LOG] [DashboardTab] URL → State: Updating activeTab from URL {tabFromUrl: overview, currentActiveTab: properties, previousTabFromUrl: null} @ webpack-internal:///(app-pages-browser)/./components/dashboard/dashboard-grids.tsx:651
[    1724ms] [LOG] [UserAuthService] Checking user existence for local@test.cloudeval.ai @ webpack-internal:///(app-pages-browser)/./lib/user-auth-service.ts:66
[    6023ms] [LOG] [UserAuthService] User exists: local@test.cloudeval.ai @ webpack-internal:///(app-pages-browser)/./lib/user-auth-service.ts:109
[    6025ms] [LOG] [Store] Code editor state updated: {selectedTheme: github-dark, autoSyncWithProject: true} @ webpack-internal:///(app-pages-browser)/./lib/store.ts:1130
[    6025ms] [LOG] ✅ [GlobalDataProvider] Applied code editor preferences from backend {selectedTheme: undefined, autoSyncWithProject: undefined} @ webpack-internal:///(app-pages-browser)/./components/global-data-provider.tsx:344
[    7692ms] [WARNING] Unable to determine content-length from response headers. Will expand buffer when needed. @ webpack-internal:///(app-pages-browser)/./node_modules/@xenova/transformers/src/utils/hub.js:608
[    7694ms] [WARNING] Unable to determine content-length from response headers. Will expand buffer when needed. @ webpack-internal:///(app-pages-browser)/./node_modules/@xenova/transformers/src/utils/hub.js:608
[    7694ms] [WARNING] Unable to determine content-length from response headers. Will expand buffer when needed. @ webpack-internal:///(app-pages-browser)/./node_modules/@xenova/transformers/src/utils/hub.js:608
[    7767ms] [WARNING] Unable to determine content-length from response headers. Will expand buffer when needed. @ webpack-internal:///(app-pages-browser)/./node_modules/@xenova/transformers/src/utils/hub.js:608
[    7991ms] [WARNING] 2026-05-17 04:41:14.058300 [W:onnxruntime:, graph.cc:3490 CleanUnusedInitializersAndNodeArgs] Removing initializer '/model/decoder/Constant_16_output_0'. It is not used by any node and should be removed from the model. @ webpack-internal:///(app-pages-browser)/./node_modules/@xenova/transformers/node_modules/onnxruntime-web/dist/ort-web.min.js:6
[    7991ms] [WARNING] 2026-05-17 04:41:14.059500 [W:onnxruntime:, graph.cc:3490 CleanUnusedInitializersAndNodeArgs] Removing initializer '/model/decoder/Shape_4_output_0'. It is not used by any node and should be removed from the model. @ webpack-internal:///(app-pages-browser)/./node_modules/@xenova/transformers/node_modules/onnxruntime-web/dist/ort-web.min.js:6
[    7998ms] [WARNING] 2026-05-17 04:41:14.066500 [W:onnxruntime:, graph.cc:3490 CleanUnusedInitializersAndNodeArgs] Removing initializer '/model/decoder/Constant_1_output_0'. It is not used by any node and should be removed from the model. @ webpack-internal:///(app-pages-browser)/./node_modules/@xenova/transformers/node_modules/onnxruntime-web/dist/ort-web.min.js:6
[    7998ms] [WARNING] 2026-05-17 04:41:14.066600 [W:onnxruntime:, graph.cc:3490 CleanUnusedInitializersAndNodeArgs] Removing initializer '/model/decoder/Constant_output_0'. It is not used by any node and should be removed from the model. @ webpack-internal:///(app-pages-browser)/./node_modules/@xenova/transformers/node_modules/onnxruntime-web/dist/ort-web.min.js:6
[    7999ms] [WARNING] 2026-05-17 04:41:14.066800 [W:onnxruntime:, graph.cc:3490 CleanUnusedInitializersAndNodeArgs] Removing initializer '/model/decoder/Constant_10_output_0'. It is not used by any node and should be removed from the model. @ webpack-internal:///(app-pages-browser)/./node_modules/@xenova/transformers/node_modules/onnxruntime-web/dist/ort-web.min.js:6
[    7999ms] [WARNING] 2026-05-17 04:41:14.066900 [W:onnxruntime:, graph.cc:3490 CleanUnusedInitializersAndNodeArgs] Removing initializer '/model/decoder/Constant_11_output_0'. It is not used by any node and should be removed from the model. @ webpack-internal:///(app-pages-browser)/./node_modules/@xenova/transformers/node_modules/onnxruntime-web/dist/ort-web.min.js:6
[    7999ms] [WARNING] 2026-05-17 04:41:14.066900 [W:onnxruntime:, graph.cc:3490 CleanUnusedInitializersAndNodeArgs] Removing initializer '/model/decoder/Constant_2_output_0'. It is not used by any node and should be removed from the model. @ webpack-internal:///(app-pages-browser)/./node_modules/@xenova/transformers/node_modules/onnxruntime-web/dist/ort-web.min.js:6
[    7999ms] [WARNING] 2026-05-17 04:41:14.067000 [W:onnxruntime:, graph.cc:3490 CleanUnusedInitializersAndNodeArgs] Removing initializer '/model/decoder/Constant_12_output_0'. It is not used by any node and should be removed from the model. @ webpack-internal:///(app-pages-browser)/./node_modules/@xenova/transformers/node_modules/onnxruntime-web/dist/ort-web.min.js:6
[    7999ms] [WARNING] 2026-05-17 04:41:14.067000 [W:onnxruntime:, graph.cc:3490 CleanUnusedInitializersAndNodeArgs] Removing initializer '/model/decoder/Constant_9_output_0'. It is not used by any node and should be removed from the model. @ webpack-internal:///(app-pages-browser)/./node_modules/@xenova/transformers/node_modules/onnxruntime-web/dist/ort-web.min.js:6
[    8026ms] [WARNING] 2026-05-17 04:41:14.093700 [W:onnxruntime:, graph.cc:3490 CleanUnusedInitializersAndNodeArgs] Removing initializer '/model/decoder/layers.3/activation_fn/Constant_2_output_0'. It is not used by any node and should be removed from the model. @ webpack-internal:///(app-pages-browser)/./node_modules/@xenova/transformers/node_modules/onnxruntime-web/dist/ort-web.min.js:6
[    8026ms] [WARNING] 2026-05-17 04:41:14.093900 [W:onnxruntime:, graph.cc:3490 CleanUnusedInitializersAndNodeArgs] Removing initializer '/model/decoder/layers.3/activation_fn/Constant_output_0'. It is not used by any node and should be removed from the model. @ webpack-internal:///(app-pages-browser)/./node_modules/@xenova/transformers/node_modules/onnxruntime-web/dist/ort-web.min.js:6
[    8026ms] [WARNING] 2026-05-17 04:41:14.094100 [W:onnxruntime:, graph.cc:3490 CleanUnusedInitializersAndNodeArgs] Removing initializer '/model/decoder/layers.2/activation_fn/Constant_2_output_0'. It is not used by any node and should be removed from the model. @ webpack-internal:///(app-pages-browser)/./node_modules/@xenova/transformers/node_modules/onnxruntime-web/dist/ort-web.min.js:6
[    8026ms] [WARNING] 2026-05-17 04:41:14.094200 [W:onnxruntime:, graph.cc:3490 CleanUnusedInitializersAndNodeArgs] Removing initializer '/model/decoder/layers.2/activation_fn/Constant_output_0'. It is not used by any node and should be removed from the model. @ webpack-internal:///(app-pages-browser)/./node_modules/@xenova/transformers/node_modules/onnxruntime-web/dist/ort-web.min.js:6
[    8026ms] [WARNING] 2026-05-17 04:41:14.094200 [W:onnxruntime:, graph.cc:3490 CleanUnusedInitializersAndNodeArgs] Removing initializer '/model/decoder/layers.1/activation_fn/Constant_output_0'. It is not used by any node and should be removed from the model. @ webpack-internal:///(app-pages-browser)/./node_modules/@xenova/transformers/node_modules/onnxruntime-web/dist/ort-web.min.js:6
[    8026ms] [WARNING] 2026-05-17 04:41:14.094200 [W:onnxruntime:, graph.cc:3490 CleanUnusedInitializersAndNodeArgs] Removing initializer '/model/decoder/layers.0/activation_fn/Constant_2_output_0'. It is not used by any node and should be removed from the model. @ webpack-internal:///(app-pages-browser)/./node_modules/@xenova/transformers/node_modules/onnxruntime-web/dist/ort-web.min.js:6
[    8026ms] [WARNING] 2026-05-17 04:41:14.094300 [W:onnxruntime:, graph.cc:3490 CleanUnusedInitializersAndNodeArgs] Removing initializer '/model/decoder/layers.3/activation_fn/Constant_1_output_0'. It is not used by any node and should be removed from the model. @ webpack-internal:///(app-pages-browser)/./node_modules/@xenova/transformers/node_modules/onnxruntime-web/dist/ort-web.min.js:6
[    8026ms] [WARNING] 2026-05-17 04:41:14.094400 [W:onnxruntime:, graph.cc:3490 CleanUnusedInitializersAndNodeArgs] Removing initializer '/model/decoder/layers.0/activation_fn/Constant_1_output_0'. It is not used by any node and should be removed from the model. @ webpack-internal:///(app-pages-browser)/./node_modules/@xenova/transformers/node_modules/onnxruntime-web/dist/ort-web.min.js:6
[    8026ms] [WARNING] 2026-05-17 04:41:14.094500 [W:onnxruntime:, graph.cc:3490 CleanUnusedInitializersAndNodeArgs] Removing initializer '/model/decoder/layers.1/activation_fn/Constant_1_output_0'. It is not used by any node and should be removed from the model. @ webpack-internal:///(app-pages-browser)/./node_modules/@xenova/transformers/node_modules/onnxruntime-web/dist/ort-web.min.js:6
[    8026ms] [WARNING] 2026-05-17 04:41:14.094500 [W:onnxruntime:, graph.cc:3490 CleanUnusedInitializersAndNodeArgs] Removing initializer '/model/decoder/layers.1/activation_fn/Constant_2_output_0'. It is not used by any node and should be removed from the model. @ webpack-internal:///(app-pages-browser)/./node_modules/@xenova/transformers/node_modules/onnxruntime-web/dist/ort-web.min.js:6
[    8026ms] [WARNING] 2026-05-17 04:41:14.094600 [W:onnxruntime:, graph.cc:3490 CleanUnusedInitializersAndNodeArgs] Removing initializer '/model/decoder/layers.2/activation_fn/Constant_1_output_0'. It is not used by any node and should be removed from the model. @ webpack-internal:///(app-pages-browser)/./node_modules/@xenova/transformers/node_modules/onnxruntime-web/dist/ort-web.min.js:6
[    8027ms] [WARNING] 2026-05-17 04:41:14.094700 [W:onnxruntime:, graph.cc:3490 CleanUnusedInitializersAndNodeArgs] Removing initializer '/model/decoder/layers.0/activation_fn/Constant_output_0'. It is not used by any node and should be removed from the model. @ webpack-internal:///(app-pages-browser)/./node_modules/@xenova/transformers/node_modules/onnxruntime-web/dist/ort-web.min.js:6
[    8027ms] [WARNING] 2026-05-17 04:41:14.094900 [W:onnxruntime:, graph.cc:3490 CleanUnusedInitializersAndNodeArgs] Removing initializer '/model/decoder/layers.3/activation_fn/Constant_2_output_0'. It is not used by any node and should be removed from the model. @ webpack-internal:///(app-pages-browser)/./node_modules/@xenova/transformers/node_modules/onnxruntime-web/dist/ort-web.min.js:6
[    8027ms] [WARNING] 2026-05-17 04:41:14.095000 [W:onnxruntime:, graph.cc:3490 CleanUnusedInitializersAndNodeArgs] Removing initializer '/model/decoder/layers.3/activation_fn/Constant_output_0'. It is not used by any node and should be removed from the model. @ webpack-internal:///(app-pages-browser)/./node_modules/@xenova/transformers/node_modules/onnxruntime-web/dist/ort-web.min.js:6
[    8027ms] [WARNING] 2026-05-17 04:41:14.095000 [W:onnxruntime:, graph.cc:3490 CleanUnusedInitializersAndNodeArgs] Removing initializer '/model/decoder/layers.2/activation_fn/Constant_2_output_0'. It is not used by any node and should be removed from the model. @ webpack-internal:///(app-pages-browser)/./node_modules/@xenova/transformers/node_modules/onnxruntime-web/dist/ort-web.min.js:6
[    8027ms] [WARNING] 2026-05-17 04:41:14.095100 [W:onnxruntime:, graph.cc:3490 CleanUnusedInitializersAndNodeArgs] Removing initializer '/model/decoder/layers.2/activation_fn/Constant_output_0'. It is not used by any node and should be removed from the model. @ webpack-internal:///(app-pages-browser)/./node_modules/@xenova/transformers/node_modules/onnxruntime-web/dist/ort-web.min.js:6
[    8027ms] [WARNING] 2026-05-17 04:41:14.095200 [W:onnxruntime:, graph.cc:3490 CleanUnusedInitializersAndNodeArgs] Removing initializer '/model/decoder/layers.1/activation_fn/Constant_output_0'. It is not used by any node and should be removed from the model. @ webpack-internal:///(app-pages-browser)/./node_modules/@xenova/transformers/node_modules/onnxruntime-web/dist/ort-web.min.js:6
[    8027ms] [WARNING] 2026-05-17 04:41:14.095200 [W:onnxruntime:, graph.cc:3490 CleanUnusedInitializersAndNodeArgs] Removing initializer '/model/decoder/layers.0/activation_fn/Constant_2_output_0'. It is not used by any node and should be removed from the model. @ webpack-internal:///(app-pages-browser)/./node_modules/@xenova/transformers/node_modules/onnxruntime-web/dist/ort-web.min.js:6
[    8027ms] [WARNING] 2026-05-17 04:41:14.095300 [W:onnxruntime:, graph.cc:3490 CleanUnusedInitializersAndNodeArgs] Removing initializer '/model/decoder/layers.3/activation_fn/Constant_1_output_0'. It is not used by any node and should be removed from the model. @ webpack-internal:///(app-pages-browser)/./node_modules/@xenova/transformers/node_modules/onnxruntime-web/dist/ort-web.min.js:6
[    8027ms] [WARNING] 2026-05-17 04:41:14.095400 [W:onnxruntime:, graph.cc:3490 CleanUnusedInitializersAndNodeArgs] Removing initializer '/model/decoder/layers.0/activation_fn/Constant_1_output_0'. It is not used by any node and should be removed from the model. @ webpack-internal:///(app-pages-browser)/./node_modules/@xenova/transformers/node_modules/onnxruntime-web/dist/ort-web.min.js:6
[    8027ms] [WARNING] 2026-05-17 04:41:14.095600 [W:onnxruntime:, graph.cc:3490 CleanUnusedInitializersAndNodeArgs] Removing initializer '/model/decoder/layers.1/activation_fn/Constant_1_output_0'. It is not used by any node and should be removed from the model. @ webpack-internal:///(app-pages-browser)/./node_modules/@xenova/transformers/node_modules/onnxruntime-web/dist/ort-web.min.js:6
[    8028ms] [WARNING] 2026-05-17 04:41:14.095700 [W:onnxruntime:, graph.cc:3490 CleanUnusedInitializersAndNodeArgs] Removing initializer '/model/decoder/layers.0/activation_fn/Constant_output_0'. It is not used by any node and should be removed from the model. @ webpack-internal:///(app-pages-browser)/./node_modules/@xenova/transformers/node_modules/onnxruntime-web/dist/ort-web.min.js:6
[    8028ms] [WARNING] 2026-05-17 04:41:14.095800 [W:onnxruntime:, graph.cc:3490 CleanUnusedInitializersAndNodeArgs] Removing initializer '/model/decoder/layers.2/activation_fn/Constant_1_output_0'. It is not used by any node and should be removed from the model. @ webpack-internal:///(app-pages-browser)/./node_modules/@xenova/transformers/node_modules/onnxruntime-web/dist/ort-web.min.js:6
[    8028ms] [WARNING] 2026-05-17 04:41:14.095800 [W:onnxruntime:, graph.cc:3490 CleanUnusedInitializersAndNodeArgs] Removing initializer '/model/decoder/layers.1/activation_fn/Constant_2_output_0'. It is not used by any node and should be removed from the model. @ webpack-internal:///(app-pages-browser)/./node_modules/@xenova/transformers/node_modules/onnxruntime-web/dist/ort-web.min.js:6
[    8034ms] [WARNING] 2026-05-17 04:41:14.101800 [W:onnxruntime:, graph.cc:3490 CleanUnusedInitializersAndNodeArgs] Removing initializer '/model/decoder/layers.3/final_layer_norm/Constant_1_output_0'. It is not used by any node and should be removed from the model. @ webpack-internal:///(app-pages-browser)/./node_modules/@xenova/transformers/node_modules/onnxruntime-web/dist/ort-web.min.js:6
[    8034ms] [WARNING] 2026-05-17 04:41:14.101900 [W:onnxruntime:, graph.cc:3490 CleanUnusedInitializersAndNodeArgs] Removing initializer '/model/decoder/layers.3/final_layer_norm/Constant_output_0'. It is not used by any node and should be removed from the model. @ webpack-internal:///(app-pages-browser)/./node_modules/@xenova/transformers/node_modules/onnxruntime-web/dist/ort-web.min.js:6
[    8034ms] [WARNING] 2026-05-17 04:41:14.102000 [W:onnxruntime:, graph.cc:3490 CleanUnusedInitializersAndNodeArgs] Removing initializer '/model/decoder/layers.2/final_layer_norm/Constant_output_0'. It is not used by any node and should be removed from the model. @ webpack-internal:///(app-pages-browser)/./node_modules/@xenova/transformers/node_modules/onnxruntime-web/dist/ort-web.min.js:6
[    8034ms] [WARNING] 2026-05-17 04:41:14.102000 [W:onnxruntime:, graph.cc:3490 CleanUnusedInitializersAndNodeArgs] Removing initializer '/model/decoder/layers.3/self_attn_layer_norm/Constant_output_0'. It is not used by any node and should be removed from the model. @ webpack-internal:///(app-pages-browser)/./node_modules/@xenova/transformers/node_modules/onnxruntime-web/dist/ort-web.min.js:6
[    8034ms] [WARNING] 2026-05-17 04:41:14.102100 [W:onnxruntime:, graph.cc:3490 CleanUnusedInitializersAndNodeArgs] Removing initializer '/model/decoder/layers.2/final_layer_norm/Constant_1_output_0'. It is not used by any node and should be removed from the model. @ webpack-internal:///(app-pages-browser)/./node_modules/@xenova/transformers/node_modules/onnxruntime-web/dist/ort-web.min.js:6
[    8034ms] [WARNING] 2026-05-17 04:41:14.102200 [W:onnxruntime:, graph.cc:3490 CleanUnusedInitializersAndNodeArgs] Removing initializer '/model/decoder/layers.2/self_attn_layer_norm/Constant_1_output_0'. It is not used by any node and should be removed from the model. @ webpack-internal:///(app-pages-browser)/./node_modules/@xenova/transformers/node_modules/onnxruntime-web/dist/ort-web.min.js:6
[    8034ms] [WARNING] 2026-05-17 04:41:14.102200 [W:onnxruntime:, graph.cc:3490 CleanUnusedInitializersAndNodeArgs] Removing initializer '/model/decoder/layers.3/encoder_attn_layer_norm/Constant_1_output_0'. It is not used by any node and should be removed from the model. @ webpack-internal:///(app-pages-browser)/./node_modules/@xenova/transformers/node_modules/onnxruntime-web/dist/ort-web.min.js:6
[    8034ms] [WARNING] 2026-05-17 04:41:14.102300 [W:onnxruntime:, graph.cc:3490 CleanUnusedInitializersAndNodeArgs] Removing initializer '/model/decoder/layers.0/self_attn_layer_norm/Constant_output_0'. It is not used by any node and should be removed from the model. @ webpack-internal:///(app-pages-browser)/./node_modules/@xenova/transformers/node_modules/onnxruntime-web/dist/ort-web.min.js:6
[    8034ms] [WARNING] 2026-05-17 04:41:14.102300 [W:onnxruntime:, graph.cc:3490 CleanUnusedInitializersAndNodeArgs] Removing initializer '/model/decoder/layers.2/encoder_attn_layer_norm/Constant_1_output_0'. It is not used by any node and should be removed from the model. @ webpack-internal:///(app-pages-browser)/./node_modules/@xenova/transformers/node_modules/onnxruntime-web/dist/ort-web.min.js:6
[    8034ms] [WARNING] 2026-05-17 04:41:14.102400 [W:onnxruntime:, graph.cc:3490 CleanUnusedInitializersAndNodeArgs] Removing initializer '/model/decoder/layers.2/encoder_attn_layer_norm/Constant_output_0'. It is not used by any node and should be removed from the model. @ webpack-internal:///(app-pages-browser)/./node_modules/@xenova/transformers/node_modules/onnxruntime-web/dist/ort-web.min.js:6
[    8034ms] [WARNING] 2026-05-17 04:41:14.102500 [W:onnxruntime:, graph.cc:3490 CleanUnusedInitializersAndNodeArgs] Removing initializer '/model/decoder/layers.0/encoder_attn_layer_norm/Constant_1_output_0'. It is not used by any node and should be removed from the model. @ webpack-internal:///(app-pages-browser)/./node_modules/@xenova/transformers/node_modules/onnxruntime-web/dist/ort-web.min.js:6
[    8034ms] [WARNING] 2026-05-17 04:41:14.102500 [W:onnxruntime:, graph.cc:3490 CleanUnusedInitializersAndNodeArgs] Removing initializer '/model/decoder/layers.3/self_attn_layer_norm/Constant_1_output_0'. It is not used by any node and should be removed from the model. @ webpack-internal:///(app-pages-browser)/./node_modules/@xenova/transformers/node_modules/onnxruntime-web/dist/ort-web.min.js:6
[    8034ms] [WARNING] 2026-05-17 04:41:14.102600 [W:onnxruntime:, graph.cc:3490 CleanUnusedInitializersAndNodeArgs] Removing initializer '/model/decoder/layers.2/self_attn_layer_norm/Constant_output_0'. It is not used by any node and should be removed from the model. @ webpack-internal:///(app-pages-browser)/./node_modules/@xenova/transformers/node_modules/onnxruntime-web/dist/ort-web.min.js:6
[    8034ms] [WARNING] 2026-05-17 04:41:14.102700 [W:onnxruntime:, graph.cc:3490 CleanUnusedInitializersAndNodeArgs] Removing initializer '/model/decoder/layers.1/final_layer_norm/Constant_1_output_0'. It is not used by any node and should be removed from the model. @ webpack-internal:///(app-pages-browser)/./node_modules/@xenova/transformers/node_modules/onnxruntime-web/dist/ort-web.min.js:6
[    8035ms] [WARNING] 2026-05-17 04:41:14.102700 [W:onnxruntime:, graph.cc:3490 CleanUnusedInitializersAndNodeArgs] Removing initializer '/model/decoder/layers.1/final_layer_norm/Constant_output_0'. It is not used by any node and should be removed from the model. @ webpack-internal:///(app-pages-browser)/./node_modules/@xenova/transformers/node_modules/onnxruntime-web/dist/ort-web.min.js:6
[    8035ms] [WARNING] 2026-05-17 04:41:14.102700 [W:onnxruntime:, graph.cc:3490 CleanUnusedInitializersAndNodeArgs] Removing initializer '/model/decoder/layers.0/final_layer_norm/Constant_1_output_0'. It is not used by any node and should be removed from the model. @ webpack-internal:///(app-pages-browser)/./node_modules/@xenova/transformers/node_modules/onnxruntime-web/dist/ort-web.min.js:6
[    8035ms] [WARNING] 2026-05-17 04:41:14.102800 [W:onnxruntime:, graph.cc:3490 CleanUnusedInitializersAndNodeArgs] Removing initializer '/model/decoder/layers.1/encoder_attn_layer_norm/Constant_1_output_0'. It is not used by any node and should be removed from the model. @ webpack-internal:///(app-pages-browser)/./node_modules/@xenova/transformers/node_modules/onnxruntime-web/dist/ort-web.min.js:6
[    8035ms] [WARNING] 2026-05-17 04:41:14.102900 [W:onnxruntime:, graph.cc:3490 CleanUnusedInitializersAndNodeArgs] Removing initializer '/model/decoder/layers.0/final_layer_norm/Constant_output_0'. It is not used by any node and should be removed from the model. @ webpack-internal:///(app-pages-browser)/./node_modules/@xenova/transformers/node_modules/onnxruntime-web/dist/ort-web.min.js:6
[    8035ms] [WARNING] 2026-05-17 04:41:14.102900 [W:onnxruntime:, graph.cc:3490 CleanUnusedInitializersAndNodeArgs] Removing initializer '/model/decoder/layers.3/encoder_attn_layer_norm/Constant_output_0'. It is not used by any node and should be removed from the model. @ webpack-internal:///(app-pages-browser)/./node_modules/@xenova/transformers/node_modules/onnxruntime-web/dist/ort-web.min.js:6
[    8035ms] [WARNING] 2026-05-17 04:41:14.103000 [W:onnxruntime:, graph.cc:3490 CleanUnusedInitializersAndNodeArgs] Removing initializer '/model/decoder/layer_norm/Constant_output_0'. It is not used by any node and should be removed from the model. @ webpack-internal:///(app-pages-browser)/./node_modules/@xenova/transformers/node_modules/onnxruntime-web/dist/ort-web.min.js:6
[    8035ms] [WARNING] 2026-05-17 04:41:14.103100 [W:onnxruntime:, graph.cc:3490 CleanUnusedInitializersAndNodeArgs] Removing initializer '/model/decoder/layers.1/self_attn_layer_norm/Constant_1_output_0'. It is not used by any node and should be removed from the model. @ webpack-internal:///(app-pages-browser)/./node_modules/@xenova/transformers/node_modules/onnxruntime-web/dist/ort-web.min.js:6
[    8035ms] [WARNING] 2026-05-17 04:41:14.103100 [W:onnxruntime:, graph.cc:3490 CleanUnusedInitializersAndNodeArgs] Removing initializer '/model/decoder/layers.0/encoder_attn_layer_norm/Constant_output_0'. It is not used by any node and should be removed from the model. @ webpack-internal:///(app-pages-browser)/./node_modules/@xenova/transformers/node_modules/onnxruntime-web/dist/ort-web.min.js:6
[    8035ms] [WARNING] 2026-05-17 04:41:14.103100 [W:onnxruntime:, graph.cc:3490 CleanUnusedInitializersAndNodeArgs] Removing initializer '/model/decoder/layer_norm/Constant_1_output_0'. It is not used by any node and should be removed from the model. @ webpack-internal:///(app-pages-browser)/./node_modules/@xenova/transformers/node_modules/onnxruntime-web/dist/ort-web.min.js:6
[    8035ms] [WARNING] 2026-05-17 04:41:14.103200 [W:onnxruntime:, graph.cc:3490 CleanUnusedInitializersAndNodeArgs] Removing initializer '/model/decoder/layers.1/self_attn_layer_norm/Constant_output_0'. It is not used by any node and should be removed from the model. @ webpack-internal:///(app-pages-browser)/./node_modules/@xenova/transformers/node_modules/onnxruntime-web/dist/ort-web.min.js:6
[    8035ms] [WARNING] 2026-05-17 04:41:14.103300 [W:onnxruntime:, graph.cc:3490 CleanUnusedInitializersAndNodeArgs] Removing initializer '/model/decoder/layers.0/self_attn_layer_norm/Constant_1_output_0'. It is not used by any node and should be removed from the model. @ webpack-internal:///(app-pages-browser)/./node_modules/@xenova/transformers/node_modules/onnxruntime-web/dist/ort-web.min.js:6
[    8035ms] [WARNING] 2026-05-17 04:41:14.103300 [W:onnxruntime:, graph.cc:3490 CleanUnusedInitializersAndNodeArgs] Removing initializer '/model/decoder/layers.1/encoder_attn_layer_norm/Constant_output_0'. It is not used by any node and should be removed from the model. @ webpack-internal:///(app-pages-browser)/./node_modules/@xenova/transformers/node_modules/onnxruntime-web/dist/ort-web.min.js:6
[    8035ms] [WARNING] 2026-05-17 04:41:14.103500 [W:onnxruntime:, graph.cc:3490 CleanUnusedInitializersAndNodeArgs] Removing initializer '/model/decoder/layers.3/final_layer_norm/Constant_1_output_0'. It is not used by any node and should be removed from the model. @ webpack-internal:///(app-pages-browser)/./node_modules/@xenova/transformers/node_modules/onnxruntime-web/dist/ort-web.min.js:6
[    8035ms] [WARNING] 2026-05-17 04:41:14.103600 [W:onnxruntime:, graph.cc:3490 CleanUnusedInitializersAndNodeArgs] Removing initializer '/model/decoder/layers.3/final_layer_norm/Constant_output_0'. It is not used by any node and should be removed from the model. @ webpack-internal:///(app-pages-browser)/./node_modules/@xenova/transformers/node_modules/onnxruntime-web/dist/ort-web.min.js:6
[    8035ms] [WARNING] 2026-05-17 04:41:14.103600 [W:onnxruntime:, graph.cc:3490 CleanUnusedInitializersAndNodeArgs] Removing initializer '/model/decoder/layers.3/encoder_attn_layer_norm/Constant_1_output_0'. It is not used by any node and should be removed from the model. @ webpack-internal:///(app-pages-browser)/./node_modules/@xenova/transformers/node_modules/onnxruntime-web/dist/ort-web.min.js:6
[    8036ms] [WARNING] 2026-05-17 04:41:14.103600 [W:onnxruntime:, graph.cc:3490 CleanUnusedInitializersAndNodeArgs] Removing initializer '/model/decoder/layers.3/encoder_attn_layer_norm/Constant_output_0'. It is not used by any node and should be removed from the model. @ webpack-internal:///(app-pages-browser)/./node_modules/@xenova/transformers/node_modules/onnxruntime-web/dist/ort-web.min.js:6
[    8036ms] [WARNING] 2026-05-17 04:41:14.103700 [W:onnxruntime:, graph.cc:3490 CleanUnusedInitializersAndNodeArgs] Removing initializer '/model/decoder/layers.3/self_attn_layer_norm/Constant_output_0'. It is not used by any node and should be removed from the model. @ webpack-internal:///(app-pages-browser)/./node_modules/@xenova/transformers/node_modules/onnxruntime-web/dist/ort-web.min.js:6
[    8036ms] [WARNING] 2026-05-17 04:41:14.103800 [W:onnxruntime:, graph.cc:3490 CleanUnusedInitializersAndNodeArgs] Removing initializer '/model/decoder/layers.2/final_layer_norm/Constant_1_output_0'. It is not used by any node and should be removed from the model. @ webpack-internal:///(app-pages-browser)/./node_modules/@xenova/transformers/node_modules/onnxruntime-web/dist/ort-web.min.js:6
[    8036ms] [WARNING] 2026-05-17 04:41:14.103800 [W:onnxruntime:, graph.cc:3490 CleanUnusedInitializersAndNodeArgs] Removing initializer '/model/decoder/layers.0/self_attn_layer_norm/Constant_output_0'. It is not used by any node and should be removed from the model. @ webpack-internal:///(app-pages-browser)/./node_modules/@xenova/transformers/node_modules/onnxruntime-web/dist/ort-web.min.js:6
[    8036ms] [WARNING] 2026-05-17 04:41:14.103900 [W:onnxruntime:, graph.cc:3490 CleanUnusedInitializersAndNodeArgs] Removing initializer '/model/decoder/layers.2/encoder_attn_layer_norm/Constant_output_0'. It is not used by any node and should be removed from the model. @ webpack-internal:///(app-pages-browser)/./node_modules/@xenova/transformers/node_modules/onnxruntime-web/dist/ort-web.min.js:6
[    8036ms] [WARNING] 2026-05-17 04:41:14.103900 [W:onnxruntime:, graph.cc:3490 CleanUnusedInitializersAndNodeArgs] Removing initializer '/model/decoder/layers.2/encoder_attn_layer_norm/Constant_1_output_0'. It is not used by any node and should be removed from the model. @ webpack-internal:///(app-pages-browser)/./node_modules/@xenova/transformers/node_modules/onnxruntime-web/dist/ort-web.min.js:6
[    8036ms] [WARNING] 2026-05-17 04:41:14.104000 [W:onnxruntime:, graph.cc:3490 CleanUnusedInitializersAndNodeArgs] Removing initializer '/model/decoder/layers.0/encoder_attn_layer_norm/Constant_1_output_0'. It is not used by any node and should be removed from the model. @ webpack-internal:///(app-pages-browser)/./node_modules/@xenova/transformers/node_modules/onnxruntime-web/dist/ort-web.min.js:6
[    8036ms] [WARNING] 2026-05-17 04:41:14.104100 [W:onnxruntime:, graph.cc:3490 CleanUnusedInitializersAndNodeArgs] Removing initializer '/model/decoder/layers.3/self_attn_layer_norm/Constant_1_output_0'. It is not used by any node and should be removed from the model. @ webpack-internal:///(app-pages-browser)/./node_modules/@xenova/transformers/node_modules/onnxruntime-web/dist/ort-web.min.js:6
[    8036ms] [WARNING] 2026-05-17 04:41:14.104200 [W:onnxruntime:, graph.cc:3490 CleanUnusedInitializersAndNodeArgs] Removing initializer '/model/decoder/layers.2/self_attn_layer_norm/Constant_output_0'. It is not used by any node and should be removed from the model. @ webpack-internal:///(app-pages-browser)/./node_modules/@xenova/transformers/node_modules/onnxruntime-web/dist/ort-web.min.js:6
[    8036ms] [WARNING] 2026-05-17 04:41:14.104200 [W:onnxruntime:, graph.cc:3490 CleanUnusedInitializersAndNodeArgs] Removing initializer '/model/decoder/layers.1/final_layer_norm/Constant_1_output_0'. It is not used by any node and should be removed from the model. @ webpack-internal:///(app-pages-browser)/./node_modules/@xenova/transformers/node_modules/onnxruntime-web/dist/ort-web.min.js:6
[    8036ms] [WARNING] 2026-05-17 04:41:14.104300 [W:onnxruntime:, graph.cc:3490 CleanUnusedInitializersAndNodeArgs] Removing initializer '/model/decoder/layers.2/final_layer_norm/Constant_output_0'. It is not used by any node and should be removed from the model. @ webpack-internal:///(app-pages-browser)/./node_modules/@xenova/transformers/node_modules/onnxruntime-web/dist/ort-web.min.js:6
[    8036ms] [WARNING] 2026-05-17 04:41:14.104400 [W:onnxruntime:, graph.cc:3490 CleanUnusedInitializersAndNodeArgs] Removing initializer '/model/decoder/layers.1/encoder_attn_layer_norm/Constant_output_0'. It is not used by any node and should be removed from the model. @ webpack-internal:///(app-pages-browser)/./node_modules/@xenova/transformers/node_modules/onnxruntime-web/dist/ort-web.min.js:6
[    8036ms] [WARNING] 2026-05-17 04:41:14.104400 [W:onnxruntime:, graph.cc:3490 CleanUnusedInitializersAndNodeArgs] Removing initializer '/model/decoder/layers.1/final_layer_norm/Constant_output_0'. It is not used by any node and should be removed from the model. @ webpack-internal:///(app-pages-browser)/./node_modules/@xenova/transformers/node_modules/onnxruntime-web/dist/ort-web.min.js:6
[    8036ms] [WARNING] 2026-05-17 04:41:14.104500 [W:onnxruntime:, graph.cc:3490 CleanUnusedInitializersAndNodeArgs] Removing initializer '/model/decoder/layers.0/final_layer_norm/Constant_1_output_0'. It is not used by any node and should be removed from the model. @ webpack-internal:///(app-pages-browser)/./node_modules/@xenova/transformers/node_modules/onnxruntime-web/dist/ort-web.min.js:6
[    8036ms] [WARNING] 2026-05-17 04:41:14.104500 [W:onnxruntime:, graph.cc:3490 CleanUnusedInitializersAndNodeArgs] Removing initializer '/model/decoder/layers.0/final_layer_norm/Constant_output_0'. It is not used by any node and should be removed from the model. @ webpack-internal:///(app-pages-browser)/./node_modules/@xenova/transformers/node_modules/onnxruntime-web/dist/ort-web.min.js:6
[    8036ms] [WARNING] 2026-05-17 04:41:14.104600 [W:onnxruntime:, graph.cc:3490 CleanUnusedInitializersAndNodeArgs] Removing initializer '/model/decoder/layer_norm/Constant_output_0'. It is not used by any node and should be removed from the model. @ webpack-internal:///(app-pages-browser)/./node_modules/@xenova/transformers/node_modules/onnxruntime-web/dist/ort-web.min.js:6
[    8037ms] [WARNING] 2026-05-17 04:41:14.104700 [W:onnxruntime:, graph.cc:3490 CleanUnusedInitializersAndNodeArgs] Removing initializer '/model/decoder/layers.1/encoder_attn_layer_norm/Constant_1_output_0'. It is not used by any node and should be removed from the model. @ webpack-internal:///(app-pages-browser)/./node_modules/@xenova/transformers/node_modules/onnxruntime-web/dist/ort-web.min.js:6
[    8037ms] [WARNING] 2026-05-17 04:41:14.104700 [W:onnxruntime:, graph.cc:3490 CleanUnusedInitializersAndNodeArgs] Removing initializer '/model/decoder/layers.1/self_attn_layer_norm/Constant_1_output_0'. It is not used by any node and should be removed from the model. @ webpack-internal:///(app-pages-browser)/./node_modules/@xenova/transformers/node_modules/onnxruntime-web/dist/ort-web.min.js:6
[    8037ms] [WARNING] 2026-05-17 04:41:14.104800 [W:onnxruntime:, graph.cc:3490 CleanUnusedInitializersAndNodeArgs] Removing initializer '/model/decoder/layer_norm/Constant_1_output_0'. It is not used by any node and should be removed from the model. @ webpack-internal:///(app-pages-browser)/./node_modules/@xenova/transformers/node_modules/onnxruntime-web/dist/ort-web.min.js:6
[    8037ms] [WARNING] 2026-05-17 04:41:14.104800 [W:onnxruntime:, graph.cc:3490 CleanUnusedInitializersAndNodeArgs] Removing initializer '/model/decoder/layers.0/encoder_attn_layer_norm/Constant_output_0'. It is not used by any node and should be removed from the model. @ webpack-internal:///(app-pages-browser)/./node_modules/@xenova/transformers/node_modules/onnxruntime-web/dist/ort-web.min.js:6
[    8037ms] [WARNING] 2026-05-17 04:41:14.104900 [W:onnxruntime:, graph.cc:3490 CleanUnusedInitializersAndNodeArgs] Removing initializer '/model/decoder/layers.2/self_attn_layer_norm/Constant_1_output_0'. It is not used by any node and should be removed from the model. @ webpack-internal:///(app-pages-browser)/./node_modules/@xenova/transformers/node_modules/onnxruntime-web/dist/ort-web.min.js:6
[    8037ms] [WARNING] 2026-05-17 04:41:14.105000 [W:onnxruntime:, graph.cc:3490 CleanUnusedInitializersAndNodeArgs] Removing initializer '/model/decoder/layers.0/self_attn_layer_norm/Constant_1_output_0'. It is not used by any node and should be removed from the model. @ webpack-internal:///(app-pages-browser)/./node_modules/@xenova/transformers/node_modules/onnxruntime-web/dist/ort-web.min.js:6
[    8037ms] [WARNING] 2026-05-17 04:41:14.105100 [W:onnxruntime:, graph.cc:3490 CleanUnusedInitializersAndNodeArgs] Removing initializer '/model/decoder/layers.1/self_attn_layer_norm/Constant_output_0'. It is not used by any node and should be removed from the model. @ webpack-internal:///(app-pages-browser)/./node_modules/@xenova/transformers/node_modules/onnxruntime-web/dist/ort-web.min.js:6
[    8605ms] [LOG] ✅ [GlobalDataProvider] Projects loaded successfully: 1 @ webpack-internal:///(app-pages-browser)/./components/global-data-provider.tsx:412
[    9159ms] [LOG] THREE.WebGLRenderer: Context Lost. @ webpack-internal:///(app-pages-browser)/./node_modules/three/build/three.module.js:10443
[  107798ms] [LOG] [Fast Refresh] rebuilding @ webpack-internal:///(app-pages-browser)/./node_modules/next/dist/client/dev/hot-reloader/app/hot-reloader-app.js:183
[  111714ms] [ERROR] %o

%s ReferenceError: ControlSlot is not defined
    at ChatInputBottomControls (webpack-internal:///(app-pages-browser)/./components/chat/chat-input-bottom-controls.tsx:188:105)
    at Object.react_stack_bottom_frame (webpack-internal:///(app-pages-browser)/./node_modules/next/dist/compiled/react-dom/cjs/react-dom-client.development.js:23584:20)
    at renderWithHooks (webpack-internal:///(app-pages-browser)/./node_modules/next/dist/compiled/react-dom/cjs/react-dom-client.development.js:6793:22)
    at updateFunctionComponent (webpack-internal:///(app-pages-browser)/./node_modules/next/dist/compiled/react-dom/cjs/react-dom-client.development.js:9247:19)
    at beginWork (webpack-internal:///(app-pages-browser)/./node_modules/next/dist/compiled/react-dom/cjs/react-dom-client.development.js:10858:18)
    at runWithFiberInDEV (webpack-internal:///(app-pages-browser)/./node_modules/next/dist/compiled/react-dom/cjs/react-dom-client.development.js:872:30)
    at performUnitOfWork (webpack-internal:///(app-pages-browser)/./node_modules/next/dist/compiled/react-dom/cjs/react-dom-client.development.js:15727:22)
    at workLoopSync (webpack-internal:///(app-pages-browser)/./node_modules/next/dist/compiled/react-dom/cjs/react-dom-client.development.js:15547:41)
    at renderRootSync (webpack-internal:///(app-pages-browser)/./node_modules/next/dist/compiled/react-dom/cjs/react-dom-client.development.js:15527:11)
    at performWorkOnRoot (webpack-internal:///(app-pages-browser)/./node_modules/next/dist/compiled/react-dom/cjs/react-dom-client.development.js:14991:13)
    at performSyncWorkOnRoot (webpack-internal:///(app-pages-browser)/./node_modules/next/dist/compiled/react-dom/cjs/react-dom-client.development.js:16831:7)
    at flushSyncWorkAcrossRoots_impl (webpack-internal:///(app-pages-browser)/./node_modules/next/dist/compiled/react-dom/cjs/react-dom-client.development.js:16677:21)
    at flushSyncWork$1 (webpack-internal:///(app-pages-browser)/./node_modules/next/dist/compiled/react-dom/cjs/react-dom-client.development.js:15297:12)
    at Object.scheduleRefresh (webpack-internal:///(app-pages-browser)/./node_modules/next/dist/compiled/react-dom/cjs/react-dom-client.development.js:114:9)
    at eval (webpack-internal:///(app-pages-browser)/./node_modules/next/dist/compiled/react-refresh/cjs/react-refresh-runtime.development.js:265:17)
    at Set.forEach (<anonymous>)
    at Object.performReactRefresh (webpack-internal:///(app-pages-browser)/./node_modules/next/dist/compiled/react-refresh/cjs/react-refresh-runtime.development.js:254:26)
    at applyUpdate (webpack-internal:///(app-pages-browser)/./node_modules/next/dist/compiled/@next/react-refresh-utils/dist/internal/helpers.js:139:31)
    at statusHandler (webpack-internal:///(app-pages-browser)/./node_modules/next/dist/compiled/@next/react-refresh-utils/dist/internal/helpers.js:156:13)
    at setStatus (http://localhost:3000/_next/static/chunks/webpack.js?v=1778973066121:574:55)
    at http://localhost:3000/_next/static/chunks/webpack.js?v=1778973066121:743:21 The above error occurred in the <ChatInputBottomControls> component. It was handled by the <ErrorBoundaryHandler> error boundary. @ webpack-internal:///(app-pages-browser)/./node_modules/next/dist/client/react-client-callbacks/error-boundary-callbacks.js:67
[  111714ms] [LOG] 🔄 [APP_SINGLETON] App instance unmounted @ webpack-internal:///(app-pages-browser)/./components/app-singleton.tsx:255
[  112487ms] [ERROR] ReferenceError: ControlSlot is not defined
    at ChatInputBottomControls (webpack-internal:///(app-pages-browser)/./components/chat/chat-input-bottom-controls.tsx:188:105)
    at Object.react_stack_bottom_frame (webpack-internal:///(app-pages-browser)/./node_modules/next/dist/compiled/react-dom/cjs/react-dom-client.development.js:23584:20)
    at renderWithHooks (webpack-internal:///(app-pages-browser)/./node_modules/next/dist/compiled/react-dom/cjs/react-dom-client.development.js:6793:22)
    at updateFunctionComponent (webpack-internal:///(app-pages-browser)/./node_modules/next/dist/compiled/react-dom/cjs/react-dom-client.development.js:9247:19)
    at beginWork (webpack-internal:///(app-pages-browser)/./node_modules/next/dist/compiled/react-dom/cjs/react-dom-client.development.js:10858:18)
    at runWithFiberInDEV (webpack-internal:///(app-pages-browser)/./node_modules/next/dist/compiled/react-dom/cjs/react-dom-client.development.js:872:30)
    at performUnitOfWork (webpack-internal:///(app-pages-browser)/./node_modules/next/dist/compiled/react-dom/cjs/react-dom-client.development.js:15727:22)
    at workLoopSync (webpack-internal:///(app-pages-browser)/./node_modules/next/dist/compiled/react-dom/cjs/react-dom-client.development.js:15547:41)
    at renderRootSync (webpack-internal:///(app-pages-browser)/./node_modules/next/dist/compiled/react-dom/cjs/react-dom-client.development.js:15527:11)
    at performWorkOnRoot (webpack-internal:///(app-pages-browser)/./node_modules/next/dist/compiled/react-dom/cjs/react-dom-client.development.js:14991:13)
    at performSyncWorkOnRoot (webpack-internal:///(app-pages-browser)/./node_modules/next/dist/compiled/react-dom/cjs/react-dom-client.development.js:16831:7)
    at flushSyncWorkAcrossRoots_impl (webpack-internal:///(app-pages-browser)/./node_modules/next/dist/compiled/react-dom/cjs/react-dom-client.development.js:16677:21)
    at flushSyncWork$1 (webpack-internal:///(app-pages-browser)/./node_modules/next/dist/compiled/react-dom/cjs/react-dom-client.development.js:15297:12)
    at Object.scheduleRefresh (webpack-internal:///(app-pages-browser)/./node_modules/next/dist/compiled/react-dom/cjs/react-dom-client.development.js:114:9)
    at eval (webpack-internal:///(app-pages-browser)/./node_modules/next/dist/compiled/react-refresh/cjs/react-refresh-runtime.development.js:265:17)
    at Set.forEach (<anonymous>)
    at Object.performReactRefresh (webpack-internal:///(app-pages-browser)/./node_modules/next/dist/compiled/react-refresh/cjs/react-refresh-runtime.development.js:254:26)
    at applyUpdate (webpack-internal:///(app-pages-browser)/./node_modules/next/dist/compiled/@next/react-refresh-utils/dist/internal/helpers.js:139:31)
    at statusHandler (webpack-internal:///(app-pages-browser)/./node_modules/next/dist/compiled/@next/react-refresh-utils/dist/internal/helpers.js:156:13)
    at setStatus (http://localhost:3000/_next/static/chunks/webpack.js?v=1778973066121:574:55)
    at http://localhost:3000/_next/static/chunks/webpack.js?v=1778973066121:743:21 @ webpack-internal:///(app-pages-browser)/./node_modules/next/dist/next-devtools/userspace/app/errors/intercept-console-error.js:56
[  112488ms] [LOG] [Fast Refresh] done in 4690ms @ webpack-internal:///(app-pages-browser)/./node_modules/next/dist/client/dev/report-hmr-latency.js:13
[  112996ms] [LOG] THREE.WebGLRenderer: Context Lost. @ webpack-internal:///(app-pages-browser)/./node_modules/three/build/three.module.js:10443
[  116475ms] [LOG] [Fast Refresh] rebuilding @ webpack-internal:///(app-pages-browser)/./node_modules/next/dist/client/dev/hot-reloader/app/hot-reloader-app.js:183
[  119095ms] [LOG] 🔵 [AUTH_LAYOUT] Auth layout rendered {pathname: /app/overview, timestamp: 2026-05-16T23:13:05.163Z} @ webpack-internal:///(app-pages-browser)/./app/(auth)/auth-layout-client.tsx:30
[  119099ms] [LOG] ✅ [APP_SINGLETON] App instance mounted @ webpack-internal:///(app-pages-browser)/./components/app-singleton.tsx:145
[  119100ms] [LOG] [Fast Refresh] done in 2626ms @ webpack-internal:///(app-pages-browser)/./node_modules/next/dist/client/dev/report-hmr-latency.js:13
[  120043ms] [LOG] 🔧 [APP_SINGLETON] Setting up Monaco environment (deferred)... @ webpack-internal:///(app-pages-browser)/./components/app-singleton.tsx:223
[  120043ms] [LOG] [Monaco Environment] Setting up Monaco environment with full language services... @ webpack-internal:///(app-pages-browser)/./lib/monaco-environment.ts:18
[  120043ms] [LOG] ✅ [APP_SINGLETON] Monaco environment setup completed @ webpack-internal:///(app-pages-browser)/./components/app-singleton.tsx:225
[  120044ms] [LOG] [Monaco Environment] ✅ Markdown language registered globally @ webpack-internal:///(app-pages-browser)/./lib/monaco-environment.ts:260
[  120044ms] [LOG] [Monaco Environment] ✅ Full language service workers configured @ webpack-internal:///(app-pages-browser)/./lib/monaco-environment.ts:297
[  122231ms] [LOG] [Fast Refresh] rebuilding @ webpack-internal:///(app-pages-browser)/./node_modules/next/dist/client/dev/hot-reloader/app/hot-reloader-app.js:183
[  123862ms] [LOG] [Fast Refresh] done in 1631ms @ webpack-internal:///(app-pages-browser)/./node_modules/next/dist/client/dev/report-hmr-latency.js:13
[  125923ms] [LOG] 🎯 [Tour] Generating dashboard tour steps {currentPathname: /app/overview, DASHBOARD_PAGE_URL: /app/overview, matches: true} @ webpack-internal:///(app-pages-browser)/./hooks/use-product-tour.ts:114
[  125951ms] [LOG] [DashboardTab] URL → State: Updating activeTab from URL {tabFromUrl: overview, currentActiveTab: properties, previousTabFromUrl: null} @ webpack-internal:///(app-pages-browser)/./components/dashboard/dashboard-grids.tsx:651
[  125956ms] [LOG] [UserAuthService] Checking user existence for local@test.cloudeval.ai @ webpack-internal:///(app-pages-browser)/./lib/user-auth-service.ts:66
[  128807ms] [LOG] THREE.WebGLRenderer: Context Lost. @ webpack-internal:///(app-pages-browser)/./node_modules/three/build/three.module.js:10443
[  137351ms] [LOG] [Fast Refresh] rebuilding @ webpack-internal:///(app-pages-browser)/./node_modules/next/dist/client/dev/hot-reloader/app/hot-reloader-app.js:183
[  150486ms] [LOG] [Fast Refresh] done in 13135ms @ webpack-internal:///(app-pages-browser)/./node_modules/next/dist/client/dev/report-hmr-latency.js:13
[  153650ms] [LOG] [UserAuthService] User exists: local@test.cloudeval.ai @ webpack-internal:///(app-pages-browser)/./lib/user-auth-service.ts:109
[  153652ms] [LOG] [Store] Code editor state updated: {selectedTheme: github-dark, autoSyncWithProject: true} @ webpack-internal:///(app-pages-browser)/./lib/store.ts:1130
[  153652ms] [LOG] ✅ [GlobalDataProvider] Applied code editor preferences from backend {selectedTheme: undefined, autoSyncWithProject: undefined} @ webpack-internal:///(app-pages-browser)/./components/global-data-provider.tsx:344
[  155355ms] [LOG] ✅ [GlobalDataProvider] Projects loaded successfully: 1 @ webpack-internal:///(app-pages-browser)/./components/global-data-provider.tsx:412
[  221827ms] [LOG] [Fast Refresh] rebuilding @ webpack-internal:///(app-pages-browser)/./node_modules/next/dist/client/dev/hot-reloader/app/hot-reloader-app.js:183
[  223453ms] [LOG] [Fast Refresh] done in 1626ms @ webpack-internal:///(app-pages-browser)/./node_modules/next/dist/client/dev/report-hmr-latency.js:13
