[   32148ms] [INFO] %cDownload the React DevTools for a better development experience: https://react.dev/link/react-devtools font-weight:bold @ webpack-internal:///(app-pages-browser)/./node_modules/next/dist/compiled/react-dom/cjs/react-dom-client.development.js:25630
[   33778ms] [LOG] ✅ [APP_SINGLETON] App instance mounted @ webpack-internal:///(app-pages-browser)/./components/app-singleton.tsx:145
[   33789ms] [LOG] 🔵 [AUTH_LAYOUT] Auth layout rendered {pathname: /app/chat, timestamp: 2026-05-13T00:37:17.110Z} @ webpack-internal:///(app-pages-browser)/./app/(auth)/auth-layout-client.tsx:30
[   33822ms] [LOG] 🔧 [APP_SINGLETON] Setting up Monaco environment (deferred)... @ webpack-internal:///(app-pages-browser)/./components/app-singleton.tsx:223
[   33822ms] [LOG] [Monaco Environment] Setting up Monaco environment with full language services... @ webpack-internal:///(app-pages-browser)/./lib/monaco-environment.ts:18
[   33822ms] [LOG] [Monaco Environment] ✅ Fetch interceptor configured for Azure schemas @ webpack-internal:///(app-pages-browser)/./lib/monaco-environment.ts:61
[   33823ms] [LOG] ✅ [APP_SINGLETON] Monaco environment setup completed @ webpack-internal:///(app-pages-browser)/./components/app-singleton.tsx:225
[   34270ms] [LOG] [Fast Refresh] rebuilding @ webpack-internal:///(app-pages-browser)/./node_modules/next/dist/client/dev/hot-reloader/app/hot-reloader-app.js:183
[   36676ms] [LOG] [Fast Refresh] done in 2406ms @ webpack-internal:///(app-pages-browser)/./node_modules/next/dist/client/dev/report-hmr-latency.js:13
[   37992ms] [WARNING] Skipping auto-scroll behavior due to `position: sticky` or `position: fixed` on element: JSHandle@node @ webpack-internal:///(app-pages-browser)/./node_modules/next/dist/client/components/layout-router.js:99
[   37992ms] [WARNING] Skipping auto-scroll behavior due to `position: sticky` or `position: fixed` on element: JSHandle@node @ webpack-internal:///(app-pages-browser)/./node_modules/next/dist/client/components/layout-router.js:99
[   37993ms] [WARNING] Skipping auto-scroll behavior due to `position: sticky` or `position: fixed` on element: JSHandle@node @ webpack-internal:///(app-pages-browser)/./node_modules/next/dist/client/components/layout-router.js:99
[   37993ms] [WARNING] Skipping auto-scroll behavior due to `position: sticky` or `position: fixed` on element: JSHandle@node @ webpack-internal:///(app-pages-browser)/./node_modules/next/dist/client/components/layout-router.js:99
[   37993ms] [WARNING] Skipping auto-scroll behavior due to `position: sticky` or `position: fixed` on element: JSHandle@node @ webpack-internal:///(app-pages-browser)/./node_modules/next/dist/client/components/layout-router.js:99
[   37993ms] [WARNING] Skipping auto-scroll behavior due to `position: sticky` or `position: fixed` on element: JSHandle@node @ webpack-internal:///(app-pages-browser)/./node_modules/next/dist/client/components/layout-router.js:99
[   38852ms] [LOG] [Fast Refresh] rebuilding @ webpack-internal:///(app-pages-browser)/./node_modules/next/dist/client/dev/hot-reloader/app/hot-reloader-app.js:183
[   40971ms] [LOG] 🔵 [AUTH_LAYOUT] Auth layout rendered {pathname: /app/chat, timestamp: 2026-05-13T00:37:24.292Z} @ webpack-internal:///(app-pages-browser)/./app/(auth)/auth-layout-client.tsx:30
[   40973ms] [WARNING] Skipping auto-scroll behavior due to `position: sticky` or `position: fixed` on element: JSHandle@node @ webpack-internal:///(app-pages-browser)/./node_modules/next/dist/client/components/layout-router.js:99
[   40973ms] [WARNING] Skipping auto-scroll behavior due to `position: sticky` or `position: fixed` on element: JSHandle@node @ webpack-internal:///(app-pages-browser)/./node_modules/next/dist/client/components/layout-router.js:99
[   40974ms] [WARNING] Skipping auto-scroll behavior due to `position: sticky` or `position: fixed` on element: JSHandle@node @ webpack-internal:///(app-pages-browser)/./node_modules/next/dist/client/components/layout-router.js:99
[   40974ms] [WARNING] Skipping auto-scroll behavior due to `position: sticky` or `position: fixed` on element: JSHandle@node @ webpack-internal:///(app-pages-browser)/./node_modules/next/dist/client/components/layout-router.js:99
[   40974ms] [WARNING] Skipping auto-scroll behavior due to `position: sticky` or `position: fixed` on element: JSHandle@node @ webpack-internal:///(app-pages-browser)/./node_modules/next/dist/client/components/layout-router.js:99
[   40974ms] [WARNING] Skipping auto-scroll behavior due to `position: sticky` or `position: fixed` on element: JSHandle@node @ webpack-internal:///(app-pages-browser)/./node_modules/next/dist/client/components/layout-router.js:99
[   40975ms] [LOG] 🔄 [APP_SINGLETON] App instance unmounted @ webpack-internal:///(app-pages-browser)/./components/app-singleton.tsx:255
[   40978ms] [LOG] ✅ [APP_SINGLETON] App instance mounted @ webpack-internal:///(app-pages-browser)/./components/app-singleton.tsx:145
[   40979ms] [LOG] [Fast Refresh] done in 2126ms @ webpack-internal:///(app-pages-browser)/./node_modules/next/dist/client/dev/report-hmr-latency.js:13
[   40980ms] [LOG] %c%s%c 🟢 [PUBLIC_LAYOUT] Public layout rendered background: #e6e6e6;background: light-dark(rgba(0,0,0,0.1), rgba(255,255,255,0.25));color: #000000;color: light-dark(#000000, #ffffff);border-radius: 2px  Server   {timestamp: 2026-05-13T00:37:24.244Z} @ about://React/Server/webpack-internal:///(rsc)/./app/(public)/layout.tsx?20:16
[   41045ms] [LOG] 🔧 [APP_SINGLETON] Setting up Monaco environment (deferred)... @ webpack-internal:///(app-pages-browser)/./components/app-singleton.tsx:223
[   41045ms] [LOG] [Monaco Environment] Setting up Monaco environment with full language services... @ webpack-internal:///(app-pages-browser)/./lib/monaco-environment.ts:18
[   41045ms] [LOG] ✅ [APP_SINGLETON] Monaco environment setup completed @ webpack-internal:///(app-pages-browser)/./components/app-singleton.tsx:225
[   41165ms] [LOG] %c%s%c 🟢 [PUBLIC_LAYOUT] Public layout rendered background: #e6e6e6;background: light-dark(rgba(0,0,0,0.1), rgba(255,255,255,0.25));color: #000000;color: light-dark(#000000, #ffffff);border-radius: 2px  Server   {timestamp: 2026-05-13T00:37:24.479Z} @ about://React/Server/webpack-internal:///(rsc)/./app/(public)/layout.tsx?20:16
[   41429ms] [WARNING] [HMR] unexpected require((app-pages-browser)/./node_modules/monaco-editor/esm/vs/editor/editor.main.js) from disposed module (app-pages-browser)/./lib/monaco-environment.ts @ http://localhost:3011/_next/static/chunks/webpack.js?v=1778632632846:428
[   41577ms] [LOG] 🔄 [APP_SINGLETON] App instance unmounted @ webpack-internal:///(app-pages-browser)/./components/app-singleton.tsx:255
[   41577ms] [LOG] ✅ [APP_SINGLETON] App instance mounted @ webpack-internal:///(app-pages-browser)/./components/app-singleton.tsx:145
[   41578ms] [LOG] ⏭️ [APP_SINGLETON] Skipping Monaco setup on public page for performance @ webpack-internal:///(app-pages-browser)/./components/app-singleton.tsx:249
[   41580ms] [WARNING] [HMR] unexpected require((app-pages-browser)/./node_modules/@monaco-editor/loader/lib/es/index.js) from disposed module (app-pages-browser)/./lib/monaco-environment.ts @ http://localhost:3011/_next/static/chunks/webpack.js?v=1778632632846:428
[   41587ms] [LOG] [Monaco Environment] ✅ Markdown language registered globally @ webpack-internal:///(app-pages-browser)/./lib/monaco-environment.ts:260
[   41587ms] [LOG] [Monaco Environment] ✅ Full language service workers configured @ webpack-internal:///(app-pages-browser)/./lib/monaco-environment.ts:297
[   41588ms] [LOG] [Monaco Environment] ✅ Markdown language registered globally @ webpack-internal:///(app-pages-browser)/./lib/monaco-environment.ts:260
[   41588ms] [LOG] [Monaco Environment] ✅ Full language service workers configured @ webpack-internal:///(app-pages-browser)/./lib/monaco-environment.ts:297
[   41880ms] [WARNING] Detected `scroll-behavior: smooth` on the `<html>` element. In a future version, Next.js will no longer automatically disable smooth scrolling during route transitions. To prepare for this change, add `data-scroll-behavior="smooth"` to your <html> element. Learn more: https://nextjs.org/docs/messages/missing-data-scroll-behavior @ webpack-internal:///(app-pages-browser)/./node_modules/next/dist/shared/lib/utils/warn-once.js:15
[   44936ms] [WARNING] The resource http://localhost:3011/_next/static/css/app/(public)/loading.css?v=1778632644478 was preloaded using link preload but not used within a few seconds from the window's load event. Please make sure it has an appropriate `as` value and it is preloaded intentionally. @ http://localhost:3011/auth:0
[   73729ms] [ERROR] Failed to load resource: net::ERR_CONNECTION_REFUSED @ http://localhost:3011/api/auth/providers:0
[   73729ms] [ERROR] [next-auth][error][CLIENT_FETCH_ERROR] 
https://next-auth.js.org/errors#client_fetch_error Failed to fetch {error: Object, url: /api/auth/providers, message: Failed to fetch} @ webpack-internal:///(app-pages-browser)/./node_modules/next/dist/next-devtools/userspace/app/errors/intercept-console-error.js:56
[   73735ms] [ERROR] Failed to load resource: net::ERR_CONNECTION_REFUSED @ http://localhost:3011/__nextjs_original-stack-frames:0
