[    1387ms] [INFO] %cDownload the React DevTools for a better development experience: https://react.dev/link/react-devtools font-weight:bold @ webpack-internal:///(app-pages-browser)/./node_modules/next/dist/compiled/react-dom/cjs/react-dom-client.development.js:25630
[    1970ms] [LOG] ✅ [APP_SINGLETON] App instance mounted @ webpack-internal:///(app-pages-browser)/./components/app-singleton.tsx:145
[    1983ms] [LOG] 🔧 [APP_SINGLETON] Setting up Monaco environment (deferred)... @ webpack-internal:///(app-pages-browser)/./components/app-singleton.tsx:223
[    1983ms] [LOG] [Monaco Environment] Setting up Monaco environment with full language services... @ webpack-internal:///(app-pages-browser)/./lib/monaco-environment.ts:18
[    1983ms] [LOG] [Monaco Environment] ✅ Fetch interceptor configured for Azure schemas @ webpack-internal:///(app-pages-browser)/./lib/monaco-environment.ts:61
[    1984ms] [LOG] ✅ [APP_SINGLETON] Monaco environment setup completed @ webpack-internal:///(app-pages-browser)/./components/app-singleton.tsx:225
[    2952ms] [LOG] [Monaco Environment] ✅ Markdown language registered globally @ webpack-internal:///(app-pages-browser)/./lib/monaco-environment.ts:260
[    2952ms] [LOG] [Monaco Environment] ✅ Full language service workers configured @ webpack-internal:///(app-pages-browser)/./lib/monaco-environment.ts:297
[    3447ms] [LOG] 🔵 [AUTH_LAYOUT] Auth layout rendered {pathname: /app/overview, timestamp: 2026-05-16T23:18:24.035Z} @ webpack-internal:///(app-pages-browser)/./app/(auth)/auth-layout-client.tsx:30
[    3451ms] [LOG] 🎯 [Tour] Generating dashboard tour steps {currentPathname: /app/overview, DASHBOARD_PAGE_URL: /app/overview, matches: true} @ webpack-internal:///(app-pages-browser)/./hooks/use-product-tour.ts:114
[    3457ms] [LOG] 🔵 [AUTH_LAYOUT] Auth layout rendered {pathname: /app/overview, timestamp: 2026-05-16T23:18:24.045Z} @ webpack-internal:///(app-pages-browser)/./app/(auth)/auth-layout-client.tsx:30
[    3457ms] [LOG] 🎯 [Tour] Generating dashboard tour steps {currentPathname: /app/overview, DASHBOARD_PAGE_URL: /app/overview, matches: true} @ webpack-internal:///(app-pages-browser)/./hooks/use-product-tour.ts:114
[    3511ms] Error: Hydration failed because the server rendered HTML didn't match the client. As a result this tree will be regenerated on the client. This can happen if a SSR-ed Client Component used:

- A server/client branch `if (typeof window !== 'undefined')`.
- Variable input such as `Date.now()` or `Math.random()` which changes each time it's called.
- Date formatting in a user's locale which doesn't match the server.
- External changing data without sending a snapshot of it along with the HTML.
- Invalid HTML tag nesting.

It can also happen if the client has a browser extension installed which messes with the HTML before React loaded.

https://react.dev/link/hydration-mismatch

  ...
    <ApplicationInsightsProvider>
      <ThemeProvider attribute="class" defaultTheme="system" enableSystem={true} disableTransitionOnChange={true}>
        <$ attribute="class" defaultTheme="system" enableSystem={true} storageKey="theme" enableColorScheme={false} ...>
          <f attribute="class" defaultTheme="system" enableSystem={true} storageKey="theme" enableColorScheme={false} ...>
            <script>
            <ThemeSync>
            <GlobalDataProvider>
              <RealtimeNotificationsListener>
              <AuthLayoutClient>
                <AuthLayoutApp>
                  <LoaderThemeProvider value="app">
                    <Layout>
                      <div
+                       className="font-arial text-sm antialiased h-screen w-screen flex flex-row bg-transparent overf..."
-                       className="fixed inset-0 z-[var(--z-modal-backdrop)] flex items-center justify-center w-full h..."
+                       data-authenticated="true"
-                       data-authenticated={null}
-                       aria-busy="true"
-                       aria-live="polite"
-                       data-loader-theme="app"
-                       data-loader-variant="page-loading"
                      >
                        <Sidebar>
+                         <div className="relative flex" data-tour="sidebar">
                        ...
              ...
              ...
              ...

    at throwOnHydrationMismatch (webpack-internal:///(app-pages-browser)/./node_modules/next/dist/compiled/react-dom/cjs/react-dom-client.development.js:4506:11)
    at beginWork (webpack-internal:///(app-pages-browser)/./node_modules/next/dist/compiled/react-dom/cjs/react-dom-client.development.js:11107:17)
    at runWithFiberInDEV (webpack-internal:///(app-pages-browser)/./node_modules/next/dist/compiled/react-dom/cjs/react-dom-client.development.js:872:30)
    at performUnitOfWork (webpack-internal:///(app-pages-browser)/./node_modules/next/dist/compiled/react-dom/cjs/react-dom-client.development.js:15727:22)
    at workLoopConcurrentByScheduler (webpack-internal:///(app-pages-browser)/./node_modules/next/dist/compiled/react-dom/cjs/react-dom-client.development.js:15721:9)
    at renderRootConcurrent (webpack-internal:///(app-pages-browser)/./node_modules/next/dist/compiled/react-dom/cjs/react-dom-client.development.js:15696:15)
    at performWorkOnRoot (webpack-internal:///(app-pages-browser)/./node_modules/next/dist/compiled/react-dom/cjs/react-dom-client.development.js:14990:13)
    at performWorkOnRootViaSchedulerTask (webpack-internal:///(app-pages-browser)/./node_modules/next/dist/compiled/react-dom/cjs/react-dom-client.development.js:16816:7)
    at MessagePort.performWorkUntilDeadline (webpack-internal:///(app-pages-browser)/./node_modules/next/dist/compiled/scheduler/cjs/scheduler.development.js:45:48)
[    3518ms] [LOG] [DashboardTab] URL → State: Updating activeTab from URL {tabFromUrl: overview, currentActiveTab: properties, previousTabFromUrl: null} @ webpack-internal:///(app-pages-browser)/./components/dashboard/dashboard-grids.tsx:651
[    3524ms] [LOG] [UserAuthService] Checking user existence for local@test.cloudeval.ai @ webpack-internal:///(app-pages-browser)/./lib/user-auth-service.ts:66
[    6241ms] [LOG] THREE.WebGLRenderer: Context Lost. @ webpack-internal:///(app-pages-browser)/./node_modules/three/build/three.module.js:10443
[   10516ms] [LOG] [UserAuthService] User exists: local@test.cloudeval.ai @ webpack-internal:///(app-pages-browser)/./lib/user-auth-service.ts:109
[   10517ms] [LOG] [Store] Code editor state updated: {selectedTheme: github-dark, autoSyncWithProject: true} @ webpack-internal:///(app-pages-browser)/./lib/store.ts:1130
[   10517ms] [LOG] ✅ [GlobalDataProvider] Applied code editor preferences from backend {selectedTheme: undefined, autoSyncWithProject: undefined} @ webpack-internal:///(app-pages-browser)/./components/global-data-provider.tsx:344
[   11672ms] [WARNING] Unable to determine content-length from response headers. Will expand buffer when needed. @ webpack-internal:///(app-pages-browser)/./node_modules/@xenova/transformers/src/utils/hub.js:608
[   11673ms] [WARNING] Unable to determine content-length from response headers. Will expand buffer when needed. @ webpack-internal:///(app-pages-browser)/./node_modules/@xenova/transformers/src/utils/hub.js:608
[   11673ms] [WARNING] Unable to determine content-length from response headers. Will expand buffer when needed. @ webpack-internal:///(app-pages-browser)/./node_modules/@xenova/transformers/src/utils/hub.js:608
[   11742ms] [WARNING] Unable to determine content-length from response headers. Will expand buffer when needed. @ webpack-internal:///(app-pages-browser)/./node_modules/@xenova/transformers/src/utils/hub.js:608
[   11919ms] [WARNING] 2026-05-17 04:48:32.507100 [W:onnxruntime:, graph.cc:3490 CleanUnusedInitializersAndNodeArgs] Removing initializer '/model/decoder/Constant_16_output_0'. It is not used by any node and should be removed from the model. @ webpack-internal:///(app-pages-browser)/./node_modules/@xenova/transformers/node_modules/onnxruntime-web/dist/ort-web.min.js:6
[   11919ms] [WARNING] 2026-05-17 04:48:32.507400 [W:onnxruntime:, graph.cc:3490 CleanUnusedInitializersAndNodeArgs] Removing initializer '/model/decoder/Shape_4_output_0'. It is not used by any node and should be removed from the model. @ webpack-internal:///(app-pages-browser)/./node_modules/@xenova/transformers/node_modules/onnxruntime-web/dist/ort-web.min.js:6
[   11926ms] [WARNING] 2026-05-17 04:48:32.514100 [W:onnxruntime:, graph.cc:3490 CleanUnusedInitializersAndNodeArgs] Removing initializer '/model/decoder/Constant_1_output_0'. It is not used by any node and should be removed from the model. @ webpack-internal:///(app-pages-browser)/./node_modules/@xenova/transformers/node_modules/onnxruntime-web/dist/ort-web.min.js:6
[   11926ms] [WARNING] 2026-05-17 04:48:32.514200 [W:onnxruntime:, graph.cc:3490 CleanUnusedInitializersAndNodeArgs] Removing initializer '/model/decoder/Constant_output_0'. It is not used by any node and should be removed from the model. @ webpack-internal:///(app-pages-browser)/./node_modules/@xenova/transformers/node_modules/onnxruntime-web/dist/ort-web.min.js:6
[   11926ms] [WARNING] 2026-05-17 04:48:32.514500 [W:onnxruntime:, graph.cc:3490 CleanUnusedInitializersAndNodeArgs] Removing initializer '/model/decoder/Constant_10_output_0'. It is not used by any node and should be removed from the model. @ webpack-internal:///(app-pages-browser)/./node_modules/@xenova/transformers/node_modules/onnxruntime-web/dist/ort-web.min.js:6
[   11926ms] [WARNING] 2026-05-17 04:48:32.514500 [W:onnxruntime:, graph.cc:3490 CleanUnusedInitializersAndNodeArgs] Removing initializer '/model/decoder/Constant_11_output_0'. It is not used by any node and should be removed from the model. @ webpack-internal:///(app-pages-browser)/./node_modules/@xenova/transformers/node_modules/onnxruntime-web/dist/ort-web.min.js:6
[   11926ms] [WARNING] 2026-05-17 04:48:32.514600 [W:onnxruntime:, graph.cc:3490 CleanUnusedInitializersAndNodeArgs] Removing initializer '/model/decoder/Constant_2_output_0'. It is not used by any node and should be removed from the model. @ webpack-internal:///(app-pages-browser)/./node_modules/@xenova/transformers/node_modules/onnxruntime-web/dist/ort-web.min.js:6
[   11926ms] [WARNING] 2026-05-17 04:48:32.514700 [W:onnxruntime:, graph.cc:3490 CleanUnusedInitializersAndNodeArgs] Removing initializer '/model/decoder/Constant_12_output_0'. It is not used by any node and should be removed from the model. @ webpack-internal:///(app-pages-browser)/./node_modules/@xenova/transformers/node_modules/onnxruntime-web/dist/ort-web.min.js:6
[   11926ms] [WARNING] 2026-05-17 04:48:32.514700 [W:onnxruntime:, graph.cc:3490 CleanUnusedInitializersAndNodeArgs] Removing initializer '/model/decoder/Constant_9_output_0'. It is not used by any node and should be removed from the model. @ webpack-internal:///(app-pages-browser)/./node_modules/@xenova/transformers/node_modules/onnxruntime-web/dist/ort-web.min.js:6
[   11951ms] [WARNING] 2026-05-17 04:48:32.538900 [W:onnxruntime:, graph.cc:3490 CleanUnusedInitializersAndNodeArgs] Removing initializer '/model/decoder/layers.3/activation_fn/Constant_2_output_0'. It is not used by any node and should be removed from the model. @ webpack-internal:///(app-pages-browser)/./node_modules/@xenova/transformers/node_modules/onnxruntime-web/dist/ort-web.min.js:6
[   11951ms] [WARNING] 2026-05-17 04:48:32.539100 [W:onnxruntime:, graph.cc:3490 CleanUnusedInitializersAndNodeArgs] Removing initializer '/model/decoder/layers.3/activation_fn/Constant_output_0'. It is not used by any node and should be removed from the model. @ webpack-internal:///(app-pages-browser)/./node_modules/@xenova/transformers/node_modules/onnxruntime-web/dist/ort-web.min.js:6
[   11951ms] [WARNING] 2026-05-17 04:48:32.539100 [W:onnxruntime:, graph.cc:3490 CleanUnusedInitializersAndNodeArgs] Removing initializer '/model/decoder/layers.2/activation_fn/Constant_2_output_0'. It is not used by any node and should be removed from the model. @ webpack-internal:///(app-pages-browser)/./node_modules/@xenova/transformers/node_modules/onnxruntime-web/dist/ort-web.min.js:6
[   11951ms] [WARNING] 2026-05-17 04:48:32.539200 [W:onnxruntime:, graph.cc:3490 CleanUnusedInitializersAndNodeArgs] Removing initializer '/model/decoder/layers.2/activation_fn/Constant_output_0'. It is not used by any node and should be removed from the model. @ webpack-internal:///(app-pages-browser)/./node_modules/@xenova/transformers/node_modules/onnxruntime-web/dist/ort-web.min.js:6
[   11951ms] [WARNING] 2026-05-17 04:48:32.539200 [W:onnxruntime:, graph.cc:3490 CleanUnusedInitializersAndNodeArgs] Removing initializer '/model/decoder/layers.1/activation_fn/Constant_output_0'. It is not used by any node and should be removed from the model. @ webpack-internal:///(app-pages-browser)/./node_modules/@xenova/transformers/node_modules/onnxruntime-web/dist/ort-web.min.js:6
[   11951ms] [WARNING] 2026-05-17 04:48:32.539300 [W:onnxruntime:, graph.cc:3490 CleanUnusedInitializersAndNodeArgs] Removing initializer '/model/decoder/layers.0/activation_fn/Constant_2_output_0'. It is not used by any node and should be removed from the model. @ webpack-internal:///(app-pages-browser)/./node_modules/@xenova/transformers/node_modules/onnxruntime-web/dist/ort-web.min.js:6
[   11951ms] [WARNING] 2026-05-17 04:48:32.539400 [W:onnxruntime:, graph.cc:3490 CleanUnusedInitializersAndNodeArgs] Removing initializer '/model/decoder/layers.3/activation_fn/Constant_1_output_0'. It is not used by any node and should be removed from the model. @ webpack-internal:///(app-pages-browser)/./node_modules/@xenova/transformers/node_modules/onnxruntime-web/dist/ort-web.min.js:6
[   11951ms] [WARNING] 2026-05-17 04:48:32.539500 [W:onnxruntime:, graph.cc:3490 CleanUnusedInitializersAndNodeArgs] Removing initializer '/model/decoder/layers.0/activation_fn/Constant_1_output_0'. It is not used by any node and should be removed from the model. @ webpack-internal:///(app-pages-browser)/./node_modules/@xenova/transformers/node_modules/onnxruntime-web/dist/ort-web.min.js:6
[   11951ms] [WARNING] 2026-05-17 04:48:32.539500 [W:onnxruntime:, graph.cc:3490 CleanUnusedInitializersAndNodeArgs] Removing initializer '/model/decoder/layers.1/activation_fn/Constant_1_output_0'. It is not used by any node and should be removed from the model. @ webpack-internal:///(app-pages-browser)/./node_modules/@xenova/transformers/node_modules/onnxruntime-web/dist/ort-web.min.js:6
[   11951ms] [WARNING] 2026-05-17 04:48:32.539600 [W:onnxruntime:, graph.cc:3490 CleanUnusedInitializersAndNodeArgs] Removing initializer '/model/decoder/layers.1/activation_fn/Constant_2_output_0'. It is not used by any node and should be removed from the model. @ webpack-internal:///(app-pages-browser)/./node_modules/@xenova/transformers/node_modules/onnxruntime-web/dist/ort-web.min.js:6
[   11951ms] [WARNING] 2026-05-17 04:48:32.539600 [W:onnxruntime:, graph.cc:3490 CleanUnusedInitializersAndNodeArgs] Removing initializer '/model/decoder/layers.2/activation_fn/Constant_1_output_0'. It is not used by any node and should be removed from the model. @ webpack-internal:///(app-pages-browser)/./node_modules/@xenova/transformers/node_modules/onnxruntime-web/dist/ort-web.min.js:6
[   11951ms] [WARNING] 2026-05-17 04:48:32.539700 [W:onnxruntime:, graph.cc:3490 CleanUnusedInitializersAndNodeArgs] Removing initializer '/model/decoder/layers.0/activation_fn/Constant_output_0'. It is not used by any node and should be removed from the model. @ webpack-internal:///(app-pages-browser)/./node_modules/@xenova/transformers/node_modules/onnxruntime-web/dist/ort-web.min.js:6
[   11952ms] [WARNING] 2026-05-17 04:48:32.539900 [W:onnxruntime:, graph.cc:3490 CleanUnusedInitializersAndNodeArgs] Removing initializer '/model/decoder/layers.3/activation_fn/Constant_2_output_0'. It is not used by any node and should be removed from the model. @ webpack-internal:///(app-pages-browser)/./node_modules/@xenova/transformers/node_modules/onnxruntime-web/dist/ort-web.min.js:6
[   11952ms] [WARNING] 2026-05-17 04:48:32.540000 [W:onnxruntime:, graph.cc:3490 CleanUnusedInitializersAndNodeArgs] Removing initializer '/model/decoder/layers.3/activation_fn/Constant_output_0'. It is not used by any node and should be removed from the model. @ webpack-internal:///(app-pages-browser)/./node_modules/@xenova/transformers/node_modules/onnxruntime-web/dist/ort-web.min.js:6
[   11952ms] [WARNING] 2026-05-17 04:48:32.540000 [W:onnxruntime:, graph.cc:3490 CleanUnusedInitializersAndNodeArgs] Removing initializer '/model/decoder/layers.2/activation_fn/Constant_2_output_0'. It is not used by any node and should be removed from the model. @ webpack-internal:///(app-pages-browser)/./node_modules/@xenova/transformers/node_modules/onnxruntime-web/dist/ort-web.min.js:6
[   11952ms] [WARNING] 2026-05-17 04:48:32.540100 [W:onnxruntime:, graph.cc:3490 CleanUnusedInitializersAndNodeArgs] Removing initializer '/model/decoder/layers.2/activation_fn/Constant_output_0'. It is not used by any node and should be removed from the model. @ webpack-internal:///(app-pages-browser)/./node_modules/@xenova/transformers/node_modules/onnxruntime-web/dist/ort-web.min.js:6
[   11952ms] [WARNING] 2026-05-17 04:48:32.540100 [W:onnxruntime:, graph.cc:3490 CleanUnusedInitializersAndNodeArgs] Removing initializer '/model/decoder/layers.1/activation_fn/Constant_output_0'. It is not used by any node and should be removed from the model. @ webpack-internal:///(app-pages-browser)/./node_modules/@xenova/transformers/node_modules/onnxruntime-web/dist/ort-web.min.js:6
[   11952ms] [WARNING] 2026-05-17 04:48:32.540200 [W:onnxruntime:, graph.cc:3490 CleanUnusedInitializersAndNodeArgs] Removing initializer '/model/decoder/layers.0/activation_fn/Constant_2_output_0'. It is not used by any node and should be removed from the model. @ webpack-internal:///(app-pages-browser)/./node_modules/@xenova/transformers/node_modules/onnxruntime-web/dist/ort-web.min.js:6
[   11952ms] [WARNING] 2026-05-17 04:48:32.540200 [W:onnxruntime:, graph.cc:3490 CleanUnusedInitializersAndNodeArgs] Removing initializer '/model/decoder/layers.3/activation_fn/Constant_1_output_0'. It is not used by any node and should be removed from the model. @ webpack-internal:///(app-pages-browser)/./node_modules/@xenova/transformers/node_modules/onnxruntime-web/dist/ort-web.min.js:6
[   11952ms] [WARNING] 2026-05-17 04:48:32.540300 [W:onnxruntime:, graph.cc:3490 CleanUnusedInitializersAndNodeArgs] Removing initializer '/model/decoder/layers.0/activation_fn/Constant_1_output_0'. It is not used by any node and should be removed from the model. @ webpack-internal:///(app-pages-browser)/./node_modules/@xenova/transformers/node_modules/onnxruntime-web/dist/ort-web.min.js:6
[   11952ms] [WARNING] 2026-05-17 04:48:32.540400 [W:onnxruntime:, graph.cc:3490 CleanUnusedInitializersAndNodeArgs] Removing initializer '/model/decoder/layers.1/activation_fn/Constant_1_output_0'. It is not used by any node and should be removed from the model. @ webpack-internal:///(app-pages-browser)/./node_modules/@xenova/transformers/node_modules/onnxruntime-web/dist/ort-web.min.js:6
[   11952ms] [WARNING] 2026-05-17 04:48:32.540400 [W:onnxruntime:, graph.cc:3490 CleanUnusedInitializersAndNodeArgs] Removing initializer '/model/decoder/layers.0/activation_fn/Constant_output_0'. It is not used by any node and should be removed from the model. @ webpack-internal:///(app-pages-browser)/./node_modules/@xenova/transformers/node_modules/onnxruntime-web/dist/ort-web.min.js:6
[   11952ms] [WARNING] 2026-05-17 04:48:32.540500 [W:onnxruntime:, graph.cc:3490 CleanUnusedInitializersAndNodeArgs] Removing initializer '/model/decoder/layers.2/activation_fn/Constant_1_output_0'. It is not used by any node and should be removed from the model. @ webpack-internal:///(app-pages-browser)/./node_modules/@xenova/transformers/node_modules/onnxruntime-web/dist/ort-web.min.js:6
[   11952ms] [WARNING] 2026-05-17 04:48:32.540600 [W:onnxruntime:, graph.cc:3490 CleanUnusedInitializersAndNodeArgs] Removing initializer '/model/decoder/layers.1/activation_fn/Constant_2_output_0'. It is not used by any node and should be removed from the model. @ webpack-internal:///(app-pages-browser)/./node_modules/@xenova/transformers/node_modules/onnxruntime-web/dist/ort-web.min.js:6
[   11958ms] [WARNING] 2026-05-17 04:48:32.546300 [W:onnxruntime:, graph.cc:3490 CleanUnusedInitializersAndNodeArgs] Removing initializer '/model/decoder/layers.3/final_layer_norm/Constant_1_output_0'. It is not used by any node and should be removed from the model. @ webpack-internal:///(app-pages-browser)/./node_modules/@xenova/transformers/node_modules/onnxruntime-web/dist/ort-web.min.js:6
[   11958ms] [WARNING] 2026-05-17 04:48:32.546700 [W:onnxruntime:, graph.cc:3490 CleanUnusedInitializersAndNodeArgs] Removing initializer '/model/decoder/layers.3/final_layer_norm/Constant_output_0'. It is not used by any node and should be removed from the model. @ webpack-internal:///(app-pages-browser)/./node_modules/@xenova/transformers/node_modules/onnxruntime-web/dist/ort-web.min.js:6
[   11958ms] [WARNING] 2026-05-17 04:48:32.546700 [W:onnxruntime:, graph.cc:3490 CleanUnusedInitializersAndNodeArgs] Removing initializer '/model/decoder/layers.2/final_layer_norm/Constant_output_0'. It is not used by any node and should be removed from the model. @ webpack-internal:///(app-pages-browser)/./node_modules/@xenova/transformers/node_modules/onnxruntime-web/dist/ort-web.min.js:6
[   11959ms] [WARNING] 2026-05-17 04:48:32.546800 [W:onnxruntime:, graph.cc:3490 CleanUnusedInitializersAndNodeArgs] Removing initializer '/model/decoder/layers.3/self_attn_layer_norm/Constant_output_0'. It is not used by any node and should be removed from the model. @ webpack-internal:///(app-pages-browser)/./node_modules/@xenova/transformers/node_modules/onnxruntime-web/dist/ort-web.min.js:6
[   11959ms] [WARNING] 2026-05-17 04:48:32.546900 [W:onnxruntime:, graph.cc:3490 CleanUnusedInitializersAndNodeArgs] Removing initializer '/model/decoder/layers.2/final_layer_norm/Constant_1_output_0'. It is not used by any node and should be removed from the model. @ webpack-internal:///(app-pages-browser)/./node_modules/@xenova/transformers/node_modules/onnxruntime-web/dist/ort-web.min.js:6
[   11959ms] [WARNING] 2026-05-17 04:48:32.546900 [W:onnxruntime:, graph.cc:3490 CleanUnusedInitializersAndNodeArgs] Removing initializer '/model/decoder/layers.2/self_attn_layer_norm/Constant_1_output_0'. It is not used by any node and should be removed from the model. @ webpack-internal:///(app-pages-browser)/./node_modules/@xenova/transformers/node_modules/onnxruntime-web/dist/ort-web.min.js:6
[   11959ms] [WARNING] 2026-05-17 04:48:32.547000 [W:onnxruntime:, graph.cc:3490 CleanUnusedInitializersAndNodeArgs] Removing initializer '/model/decoder/layers.3/encoder_attn_layer_norm/Constant_1_output_0'. It is not used by any node and should be removed from the model. @ webpack-internal:///(app-pages-browser)/./node_modules/@xenova/transformers/node_modules/onnxruntime-web/dist/ort-web.min.js:6
[   11959ms] [WARNING] 2026-05-17 04:48:32.547000 [W:onnxruntime:, graph.cc:3490 CleanUnusedInitializersAndNodeArgs] Removing initializer '/model/decoder/layers.0/self_attn_layer_norm/Constant_output_0'. It is not used by any node and should be removed from the model. @ webpack-internal:///(app-pages-browser)/./node_modules/@xenova/transformers/node_modules/onnxruntime-web/dist/ort-web.min.js:6
[   11959ms] [WARNING] 2026-05-17 04:48:32.547100 [W:onnxruntime:, graph.cc:3490 CleanUnusedInitializersAndNodeArgs] Removing initializer '/model/decoder/layers.2/encoder_attn_layer_norm/Constant_1_output_0'. It is not used by any node and should be removed from the model. @ webpack-internal:///(app-pages-browser)/./node_modules/@xenova/transformers/node_modules/onnxruntime-web/dist/ort-web.min.js:6
[   11959ms] [WARNING] 2026-05-17 04:48:32.547200 [W:onnxruntime:, graph.cc:3490 CleanUnusedInitializersAndNodeArgs] Removing initializer '/model/decoder/layers.2/encoder_attn_layer_norm/Constant_output_0'. It is not used by any node and should be removed from the model. @ webpack-internal:///(app-pages-browser)/./node_modules/@xenova/transformers/node_modules/onnxruntime-web/dist/ort-web.min.js:6
[   11959ms] [WARNING] 2026-05-17 04:48:32.547200 [W:onnxruntime:, graph.cc:3490 CleanUnusedInitializersAndNodeArgs] Removing initializer '/model/decoder/layers.0/encoder_attn_layer_norm/Constant_1_output_0'. It is not used by any node and should be removed from the model. @ webpack-internal:///(app-pages-browser)/./node_modules/@xenova/transformers/node_modules/onnxruntime-web/dist/ort-web.min.js:6
[   11959ms] [WARNING] 2026-05-17 04:48:32.547200 [W:onnxruntime:, graph.cc:3490 CleanUnusedInitializersAndNodeArgs] Removing initializer '/model/decoder/layers.3/self_attn_layer_norm/Constant_1_output_0'. It is not used by any node and should be removed from the model. @ webpack-internal:///(app-pages-browser)/./node_modules/@xenova/transformers/node_modules/onnxruntime-web/dist/ort-web.min.js:6
[   11959ms] [WARNING] 2026-05-17 04:48:32.547300 [W:onnxruntime:, graph.cc:3490 CleanUnusedInitializersAndNodeArgs] Removing initializer '/model/decoder/layers.2/self_attn_layer_norm/Constant_output_0'. It is not used by any node and should be removed from the model. @ webpack-internal:///(app-pages-browser)/./node_modules/@xenova/transformers/node_modules/onnxruntime-web/dist/ort-web.min.js:6
[   11959ms] [WARNING] 2026-05-17 04:48:32.547400 [W:onnxruntime:, graph.cc:3490 CleanUnusedInitializersAndNodeArgs] Removing initializer '/model/decoder/layers.1/final_layer_norm/Constant_1_output_0'. It is not used by any node and should be removed from the model. @ webpack-internal:///(app-pages-browser)/./node_modules/@xenova/transformers/node_modules/onnxruntime-web/dist/ort-web.min.js:6
[   11959ms] [WARNING] 2026-05-17 04:48:32.547400 [W:onnxruntime:, graph.cc:3490 CleanUnusedInitializersAndNodeArgs] Removing initializer '/model/decoder/layers.1/final_layer_norm/Constant_output_0'. It is not used by any node and should be removed from the model. @ webpack-internal:///(app-pages-browser)/./node_modules/@xenova/transformers/node_modules/onnxruntime-web/dist/ort-web.min.js:6
[   11959ms] [WARNING] 2026-05-17 04:48:32.547500 [W:onnxruntime:, graph.cc:3490 CleanUnusedInitializersAndNodeArgs] Removing initializer '/model/decoder/layers.0/final_layer_norm/Constant_1_output_0'. It is not used by any node and should be removed from the model. @ webpack-internal:///(app-pages-browser)/./node_modules/@xenova/transformers/node_modules/onnxruntime-web/dist/ort-web.min.js:6
[   11959ms] [WARNING] 2026-05-17 04:48:32.547500 [W:onnxruntime:, graph.cc:3490 CleanUnusedInitializersAndNodeArgs] Removing initializer '/model/decoder/layers.1/encoder_attn_layer_norm/Constant_1_output_0'. It is not used by any node and should be removed from the model. @ webpack-internal:///(app-pages-browser)/./node_modules/@xenova/transformers/node_modules/onnxruntime-web/dist/ort-web.min.js:6
[   11959ms] [WARNING] 2026-05-17 04:48:32.547600 [W:onnxruntime:, graph.cc:3490 CleanUnusedInitializersAndNodeArgs] Removing initializer '/model/decoder/layers.0/final_layer_norm/Constant_output_0'. It is not used by any node and should be removed from the model. @ webpack-internal:///(app-pages-browser)/./node_modules/@xenova/transformers/node_modules/onnxruntime-web/dist/ort-web.min.js:6
[   11959ms] [WARNING] 2026-05-17 04:48:32.547600 [W:onnxruntime:, graph.cc:3490 CleanUnusedInitializersAndNodeArgs] Removing initializer '/model/decoder/layers.3/encoder_attn_layer_norm/Constant_output_0'. It is not used by any node and should be removed from the model. @ webpack-internal:///(app-pages-browser)/./node_modules/@xenova/transformers/node_modules/onnxruntime-web/dist/ort-web.min.js:6
[   11959ms] [WARNING] 2026-05-17 04:48:32.547700 [W:onnxruntime:, graph.cc:3490 CleanUnusedInitializersAndNodeArgs] Removing initializer '/model/decoder/layer_norm/Constant_output_0'. It is not used by any node and should be removed from the model. @ webpack-internal:///(app-pages-browser)/./node_modules/@xenova/transformers/node_modules/onnxruntime-web/dist/ort-web.min.js:6
[   11960ms] [WARNING] 2026-05-17 04:48:32.547700 [W:onnxruntime:, graph.cc:3490 CleanUnusedInitializersAndNodeArgs] Removing initializer '/model/decoder/layers.1/self_attn_layer_norm/Constant_1_output_0'. It is not used by any node and should be removed from the model. @ webpack-internal:///(app-pages-browser)/./node_modules/@xenova/transformers/node_modules/onnxruntime-web/dist/ort-web.min.js:6
[   11960ms] [WARNING] 2026-05-17 04:48:32.547800 [W:onnxruntime:, graph.cc:3490 CleanUnusedInitializersAndNodeArgs] Removing initializer '/model/decoder/layers.0/encoder_attn_layer_norm/Constant_output_0'. It is not used by any node and should be removed from the model. @ webpack-internal:///(app-pages-browser)/./node_modules/@xenova/transformers/node_modules/onnxruntime-web/dist/ort-web.min.js:6
[   11960ms] [WARNING] 2026-05-17 04:48:32.547900 [W:onnxruntime:, graph.cc:3490 CleanUnusedInitializersAndNodeArgs] Removing initializer '/model/decoder/layer_norm/Constant_1_output_0'. It is not used by any node and should be removed from the model. @ webpack-internal:///(app-pages-browser)/./node_modules/@xenova/transformers/node_modules/onnxruntime-web/dist/ort-web.min.js:6
[   11960ms] [WARNING] 2026-05-17 04:48:32.547900 [W:onnxruntime:, graph.cc:3490 CleanUnusedInitializersAndNodeArgs] Removing initializer '/model/decoder/layers.1/self_attn_layer_norm/Constant_output_0'. It is not used by any node and should be removed from the model. @ webpack-internal:///(app-pages-browser)/./node_modules/@xenova/transformers/node_modules/onnxruntime-web/dist/ort-web.min.js:6
[   11960ms] [WARNING] 2026-05-17 04:48:32.548000 [W:onnxruntime:, graph.cc:3490 CleanUnusedInitializersAndNodeArgs] Removing initializer '/model/decoder/layers.0/self_attn_layer_norm/Constant_1_output_0'. It is not used by any node and should be removed from the model. @ webpack-internal:///(app-pages-browser)/./node_modules/@xenova/transformers/node_modules/onnxruntime-web/dist/ort-web.min.js:6
[   11960ms] [WARNING] 2026-05-17 04:48:32.548000 [W:onnxruntime:, graph.cc:3490 CleanUnusedInitializersAndNodeArgs] Removing initializer '/model/decoder/layers.1/encoder_attn_layer_norm/Constant_output_0'. It is not used by any node and should be removed from the model. @ webpack-internal:///(app-pages-browser)/./node_modules/@xenova/transformers/node_modules/onnxruntime-web/dist/ort-web.min.js:6
[   11960ms] [WARNING] 2026-05-17 04:48:32.548100 [W:onnxruntime:, graph.cc:3490 CleanUnusedInitializersAndNodeArgs] Removing initializer '/model/decoder/layers.3/final_layer_norm/Constant_1_output_0'. It is not used by any node and should be removed from the model. @ webpack-internal:///(app-pages-browser)/./node_modules/@xenova/transformers/node_modules/onnxruntime-web/dist/ort-web.min.js:6
[   11960ms] [WARNING] 2026-05-17 04:48:32.548300 [W:onnxruntime:, graph.cc:3490 CleanUnusedInitializersAndNodeArgs] Removing initializer '/model/decoder/layers.3/final_layer_norm/Constant_output_0'. It is not used by any node and should be removed from the model. @ webpack-internal:///(app-pages-browser)/./node_modules/@xenova/transformers/node_modules/onnxruntime-web/dist/ort-web.min.js:6
[   11960ms] [WARNING] 2026-05-17 04:48:32.548300 [W:onnxruntime:, graph.cc:3490 CleanUnusedInitializersAndNodeArgs] Removing initializer '/model/decoder/layers.3/encoder_attn_layer_norm/Constant_1_output_0'. It is not used by any node and should be removed from the model. @ webpack-internal:///(app-pages-browser)/./node_modules/@xenova/transformers/node_modules/onnxruntime-web/dist/ort-web.min.js:6
[   11960ms] [WARNING] 2026-05-17 04:48:32.548300 [W:onnxruntime:, graph.cc:3490 CleanUnusedInitializersAndNodeArgs] Removing initializer '/model/decoder/layers.3/encoder_attn_layer_norm/Constant_output_0'. It is not used by any node and should be removed from the model. @ webpack-internal:///(app-pages-browser)/./node_modules/@xenova/transformers/node_modules/onnxruntime-web/dist/ort-web.min.js:6
[   11960ms] [WARNING] 2026-05-17 04:48:32.548400 [W:onnxruntime:, graph.cc:3490 CleanUnusedInitializersAndNodeArgs] Removing initializer '/model/decoder/layers.3/self_attn_layer_norm/Constant_output_0'. It is not used by any node and should be removed from the model. @ webpack-internal:///(app-pages-browser)/./node_modules/@xenova/transformers/node_modules/onnxruntime-web/dist/ort-web.min.js:6
[   11960ms] [WARNING] 2026-05-17 04:48:32.548500 [W:onnxruntime:, graph.cc:3490 CleanUnusedInitializersAndNodeArgs] Removing initializer '/model/decoder/layers.2/final_layer_norm/Constant_1_output_0'. It is not used by any node and should be removed from the model. @ webpack-internal:///(app-pages-browser)/./node_modules/@xenova/transformers/node_modules/onnxruntime-web/dist/ort-web.min.js:6
[   11960ms] [WARNING] 2026-05-17 04:48:32.548500 [W:onnxruntime:, graph.cc:3490 CleanUnusedInitializersAndNodeArgs] Removing initializer '/model/decoder/layers.0/self_attn_layer_norm/Constant_output_0'. It is not used by any node and should be removed from the model. @ webpack-internal:///(app-pages-browser)/./node_modules/@xenova/transformers/node_modules/onnxruntime-web/dist/ort-web.min.js:6
[   11960ms] [WARNING] 2026-05-17 04:48:32.548500 [W:onnxruntime:, graph.cc:3490 CleanUnusedInitializersAndNodeArgs] Removing initializer '/model/decoder/layers.2/encoder_attn_layer_norm/Constant_output_0'. It is not used by any node and should be removed from the model. @ webpack-internal:///(app-pages-browser)/./node_modules/@xenova/transformers/node_modules/onnxruntime-web/dist/ort-web.min.js:6
[   11960ms] [WARNING] 2026-05-17 04:48:32.548700 [W:onnxruntime:, graph.cc:3490 CleanUnusedInitializersAndNodeArgs] Removing initializer '/model/decoder/layers.2/encoder_attn_layer_norm/Constant_1_output_0'. It is not used by any node and should be removed from the model. @ webpack-internal:///(app-pages-browser)/./node_modules/@xenova/transformers/node_modules/onnxruntime-web/dist/ort-web.min.js:6
[   11960ms] [WARNING] 2026-05-17 04:48:32.548700 [W:onnxruntime:, graph.cc:3490 CleanUnusedInitializersAndNodeArgs] Removing initializer '/model/decoder/layers.0/encoder_attn_layer_norm/Constant_1_output_0'. It is not used by any node and should be removed from the model. @ webpack-internal:///(app-pages-browser)/./node_modules/@xenova/transformers/node_modules/onnxruntime-web/dist/ort-web.min.js:6
[   11961ms] [WARNING] 2026-05-17 04:48:32.548700 [W:onnxruntime:, graph.cc:3490 CleanUnusedInitializersAndNodeArgs] Removing initializer '/model/decoder/layers.3/self_attn_layer_norm/Constant_1_output_0'. It is not used by any node and should be removed from the model. @ webpack-internal:///(app-pages-browser)/./node_modules/@xenova/transformers/node_modules/onnxruntime-web/dist/ort-web.min.js:6
[   11961ms] [WARNING] 2026-05-17 04:48:32.548800 [W:onnxruntime:, graph.cc:3490 CleanUnusedInitializersAndNodeArgs] Removing initializer '/model/decoder/layers.2/self_attn_layer_norm/Constant_output_0'. It is not used by any node and should be removed from the model. @ webpack-internal:///(app-pages-browser)/./node_modules/@xenova/transformers/node_modules/onnxruntime-web/dist/ort-web.min.js:6
[   11961ms] [WARNING] 2026-05-17 04:48:32.548900 [W:onnxruntime:, graph.cc:3490 CleanUnusedInitializersAndNodeArgs] Removing initializer '/model/decoder/layers.1/final_layer_norm/Constant_1_output_0'. It is not used by any node and should be removed from the model. @ webpack-internal:///(app-pages-browser)/./node_modules/@xenova/transformers/node_modules/onnxruntime-web/dist/ort-web.min.js:6
[   11961ms] [WARNING] 2026-05-17 04:48:32.548900 [W:onnxruntime:, graph.cc:3490 CleanUnusedInitializersAndNodeArgs] Removing initializer '/model/decoder/layers.2/final_layer_norm/Constant_output_0'. It is not used by any node and should be removed from the model. @ webpack-internal:///(app-pages-browser)/./node_modules/@xenova/transformers/node_modules/onnxruntime-web/dist/ort-web.min.js:6
[   11961ms] [WARNING] 2026-05-17 04:48:32.548900 [W:onnxruntime:, graph.cc:3490 CleanUnusedInitializersAndNodeArgs] Removing initializer '/model/decoder/layers.1/encoder_attn_layer_norm/Constant_output_0'. It is not used by any node and should be removed from the model. @ webpack-internal:///(app-pages-browser)/./node_modules/@xenova/transformers/node_modules/onnxruntime-web/dist/ort-web.min.js:6
[   11961ms] [WARNING] 2026-05-17 04:48:32.549000 [W:onnxruntime:, graph.cc:3490 CleanUnusedInitializersAndNodeArgs] Removing initializer '/model/decoder/layers.1/final_layer_norm/Constant_output_0'. It is not used by any node and should be removed from the model. @ webpack-internal:///(app-pages-browser)/./node_modules/@xenova/transformers/node_modules/onnxruntime-web/dist/ort-web.min.js:6
[   11961ms] [WARNING] 2026-05-17 04:48:32.549100 [W:onnxruntime:, graph.cc:3490 CleanUnusedInitializersAndNodeArgs] Removing initializer '/model/decoder/layers.0/final_layer_norm/Constant_1_output_0'. It is not used by any node and should be removed from the model. @ webpack-internal:///(app-pages-browser)/./node_modules/@xenova/transformers/node_modules/onnxruntime-web/dist/ort-web.min.js:6
[   11961ms] [WARNING] 2026-05-17 04:48:32.549100 [W:onnxruntime:, graph.cc:3490 CleanUnusedInitializersAndNodeArgs] Removing initializer '/model/decoder/layers.0/final_layer_norm/Constant_output_0'. It is not used by any node and should be removed from the model. @ webpack-internal:///(app-pages-browser)/./node_modules/@xenova/transformers/node_modules/onnxruntime-web/dist/ort-web.min.js:6
[   11961ms] [WARNING] 2026-05-17 04:48:32.549200 [W:onnxruntime:, graph.cc:3490 CleanUnusedInitializersAndNodeArgs] Removing initializer '/model/decoder/layer_norm/Constant_output_0'. It is not used by any node and should be removed from the model. @ webpack-internal:///(app-pages-browser)/./node_modules/@xenova/transformers/node_modules/onnxruntime-web/dist/ort-web.min.js:6
[   11961ms] [WARNING] 2026-05-17 04:48:32.549200 [W:onnxruntime:, graph.cc:3490 CleanUnusedInitializersAndNodeArgs] Removing initializer '/model/decoder/layers.1/encoder_attn_layer_norm/Constant_1_output_0'. It is not used by any node and should be removed from the model. @ webpack-internal:///(app-pages-browser)/./node_modules/@xenova/transformers/node_modules/onnxruntime-web/dist/ort-web.min.js:6
[   11961ms] [WARNING] 2026-05-17 04:48:32.549300 [W:onnxruntime:, graph.cc:3490 CleanUnusedInitializersAndNodeArgs] Removing initializer '/model/decoder/layers.1/self_attn_layer_norm/Constant_1_output_0'. It is not used by any node and should be removed from the model. @ webpack-internal:///(app-pages-browser)/./node_modules/@xenova/transformers/node_modules/onnxruntime-web/dist/ort-web.min.js:6
[   11961ms] [WARNING] 2026-05-17 04:48:32.549300 [W:onnxruntime:, graph.cc:3490 CleanUnusedInitializersAndNodeArgs] Removing initializer '/model/decoder/layer_norm/Constant_1_output_0'. It is not used by any node and should be removed from the model. @ webpack-internal:///(app-pages-browser)/./node_modules/@xenova/transformers/node_modules/onnxruntime-web/dist/ort-web.min.js:6
[   11961ms] [WARNING] 2026-05-17 04:48:32.549400 [W:onnxruntime:, graph.cc:3490 CleanUnusedInitializersAndNodeArgs] Removing initializer '/model/decoder/layers.0/encoder_attn_layer_norm/Constant_output_0'. It is not used by any node and should be removed from the model. @ webpack-internal:///(app-pages-browser)/./node_modules/@xenova/transformers/node_modules/onnxruntime-web/dist/ort-web.min.js:6
[   11961ms] [WARNING] 2026-05-17 04:48:32.549500 [W:onnxruntime:, graph.cc:3490 CleanUnusedInitializersAndNodeArgs] Removing initializer '/model/decoder/layers.2/self_attn_layer_norm/Constant_1_output_0'. It is not used by any node and should be removed from the model. @ webpack-internal:///(app-pages-browser)/./node_modules/@xenova/transformers/node_modules/onnxruntime-web/dist/ort-web.min.js:6
[   11961ms] [WARNING] 2026-05-17 04:48:32.549500 [W:onnxruntime:, graph.cc:3490 CleanUnusedInitializersAndNodeArgs] Removing initializer '/model/decoder/layers.0/self_attn_layer_norm/Constant_1_output_0'. It is not used by any node and should be removed from the model. @ webpack-internal:///(app-pages-browser)/./node_modules/@xenova/transformers/node_modules/onnxruntime-web/dist/ort-web.min.js:6
[   11961ms] [WARNING] 2026-05-17 04:48:32.549600 [W:onnxruntime:, graph.cc:3490 CleanUnusedInitializersAndNodeArgs] Removing initializer '/model/decoder/layers.1/self_attn_layer_norm/Constant_output_0'. It is not used by any node and should be removed from the model. @ webpack-internal:///(app-pages-browser)/./node_modules/@xenova/transformers/node_modules/onnxruntime-web/dist/ort-web.min.js:6
[   12031ms] [LOG] ✅ [GlobalDataProvider] Projects loaded successfully: 1 @ webpack-internal:///(app-pages-browser)/./components/global-data-provider.tsx:412
[   12608ms] [LOG] THREE.WebGLRenderer: Context Lost. @ webpack-internal:///(app-pages-browser)/./node_modules/three/build/three.module.js:10443
[   32653ms] [LOG] THREE.WebGLRenderer: Context Lost. @ webpack-internal:///(app-pages-browser)/./node_modules/three/build/three.module.js:10443
[   32654ms] [LOG] THREE.WebGLRenderer: Context Lost. @ webpack-internal:///(app-pages-browser)/./node_modules/three/build/three.module.js:10443
[   32654ms] [LOG] THREE.WebGLRenderer: Context Lost. @ webpack-internal:///(app-pages-browser)/./node_modules/three/build/three.module.js:10443
[   32654ms] [LOG] THREE.WebGLRenderer: Context Lost. @ webpack-internal:///(app-pages-browser)/./node_modules/three/build/three.module.js:10443
[   32654ms] [LOG] THREE.WebGLRenderer: Context Lost. @ webpack-internal:///(app-pages-browser)/./node_modules/three/build/three.module.js:10443
[   52783ms] [LOG] [Fast Refresh] rebuilding @ webpack-internal:///(app-pages-browser)/./node_modules/next/dist/client/dev/hot-reloader/app/hot-reloader-app.js:183
[   56040ms] [LOG] [Fast Refresh] done in 3256ms @ webpack-internal:///(app-pages-browser)/./node_modules/next/dist/client/dev/report-hmr-latency.js:13
