[    1102ms] [INFO] %cDownload the React DevTools for a better development experience: https://react.dev/link/react-devtools font-weight:bold @ webpack-internal:///(app-pages-browser)/./node_modules/next/dist/compiled/react-dom/cjs/react-dom-client.development.js:25630
[    1704ms] [LOG] ✅ [APP_SINGLETON] App instance mounted @ webpack-internal:///(app-pages-browser)/./components/app-singleton.tsx:145
[    2013ms] [LOG] 🔵 [AUTH_LAYOUT] Auth layout rendered {pathname: /app/overview, timestamp: 2026-05-16T23:15:17.505Z} @ webpack-internal:///(app-pages-browser)/./app/(auth)/auth-layout-client.tsx:30
[    2017ms] [LOG] 🎯 [Tour] Generating dashboard tour steps {currentPathname: /app/overview, DASHBOARD_PAGE_URL: /app/overview, matches: true} @ webpack-internal:///(app-pages-browser)/./hooks/use-product-tour.ts:114
[    2023ms] [LOG] 🔵 [AUTH_LAYOUT] Auth layout rendered {pathname: /app/overview, timestamp: 2026-05-16T23:15:17.516Z} @ webpack-internal:///(app-pages-browser)/./app/(auth)/auth-layout-client.tsx:30
[    2024ms] [LOG] 🎯 [Tour] Generating dashboard tour steps {currentPathname: /app/overview, DASHBOARD_PAGE_URL: /app/overview, matches: true} @ webpack-internal:///(app-pages-browser)/./hooks/use-product-tour.ts:114
[    2070ms] Error: Hydration failed because the server rendered HTML didn't match the client. As a result this tree will be regenerated on the client. This can happen if a SSR-ed Client Component used:

- A server/client branch `if (typeof window !== 'undefined')`.
- Variable input such as `Date.now()` or `Math.random()` which changes each time it's called.
- Date formatting in a user's locale which doesn't match the server.
- External changing data without sending a snapshot of it along with the HTML.
- Invalid HTML tag nesting.

It can also happen if the client has a browser extension installed which messes with the HTML before React loaded.

https://react.dev/link/hydration-mismatch

  ...
    <ApplicationInsightsProvider>
      <ThemeProvider attribute="class" defaultTheme="system" enableSystem={true} disableTransitionOnChange={true}>
        <$ attribute="class" defaultTheme="system" enableSystem={true} storageKey="theme" enableColorScheme={false} ...>
          <f attribute="class" defaultTheme="system" enableSystem={true} storageKey="theme" enableColorScheme={false} ...>
            <script>
            <ThemeSync>
            <GlobalDataProvider>
              <RealtimeNotificationsListener>
              <AuthLayoutClient>
                <AuthLayoutApp>
                  <LoaderThemeProvider value="app">
                    <Layout>
                      <div
+                       className="font-arial text-sm antialiased h-screen w-screen flex flex-row bg-transparent overf..."
-                       className="fixed inset-0 z-[var(--z-modal-backdrop)] flex items-center justify-center w-full h..."
+                       data-authenticated="true"
-                       data-authenticated={null}
-                       aria-busy="true"
-                       aria-live="polite"
-                       data-loader-theme="app"
-                       data-loader-variant="page-loading"
                      >
                        <Sidebar>
+                         <div className="relative flex" data-tour="sidebar">
                        ...
              ...
              ...
              ...

    at throwOnHydrationMismatch (webpack-internal:///(app-pages-browser)/./node_modules/next/dist/compiled/react-dom/cjs/react-dom-client.development.js:4506:11)
    at beginWork (webpack-internal:///(app-pages-browser)/./node_modules/next/dist/compiled/react-dom/cjs/react-dom-client.development.js:11107:17)
    at runWithFiberInDEV (webpack-internal:///(app-pages-browser)/./node_modules/next/dist/compiled/react-dom/cjs/react-dom-client.development.js:872:30)
    at performUnitOfWork (webpack-internal:///(app-pages-browser)/./node_modules/next/dist/compiled/react-dom/cjs/react-dom-client.development.js:15727:22)
    at workLoopConcurrentByScheduler (webpack-internal:///(app-pages-browser)/./node_modules/next/dist/compiled/react-dom/cjs/react-dom-client.development.js:15721:9)
    at renderRootConcurrent (webpack-internal:///(app-pages-browser)/./node_modules/next/dist/compiled/react-dom/cjs/react-dom-client.development.js:15696:15)
    at performWorkOnRoot (webpack-internal:///(app-pages-browser)/./node_modules/next/dist/compiled/react-dom/cjs/react-dom-client.development.js:14990:13)
    at performWorkOnRootViaSchedulerTask (webpack-internal:///(app-pages-browser)/./node_modules/next/dist/compiled/react-dom/cjs/react-dom-client.development.js:16816:7)
    at MessagePort.performWorkUntilDeadline (webpack-internal:///(app-pages-browser)/./node_modules/next/dist/compiled/scheduler/cjs/scheduler.development.js:45:48)
[    2077ms] [LOG] [DashboardTab] URL → State: Updating activeTab from URL {tabFromUrl: overview, currentActiveTab: properties, previousTabFromUrl: null} @ webpack-internal:///(app-pages-browser)/./components/dashboard/dashboard-grids.tsx:651
[    2083ms] [LOG] [UserAuthService] Checking user existence for local@test.cloudeval.ai @ webpack-internal:///(app-pages-browser)/./lib/user-auth-service.ts:66
[    3709ms] [LOG] 🔧 [APP_SINGLETON] Setting up Monaco environment (deferred)... @ webpack-internal:///(app-pages-browser)/./components/app-singleton.tsx:223
[    3709ms] [LOG] [Monaco Environment] Setting up Monaco environment with full language services... @ webpack-internal:///(app-pages-browser)/./lib/monaco-environment.ts:18
[    3709ms] [LOG] [Monaco Environment] ✅ Fetch interceptor configured for Azure schemas @ webpack-internal:///(app-pages-browser)/./lib/monaco-environment.ts:61
[    3711ms] [LOG] ✅ [APP_SINGLETON] Monaco environment setup completed @ webpack-internal:///(app-pages-browser)/./components/app-singleton.tsx:225
[   12532ms] [LOG] [UserAuthService] User exists: local@test.cloudeval.ai @ webpack-internal:///(app-pages-browser)/./lib/user-auth-service.ts:109
[   12533ms] [LOG] [Store] Code editor state updated: {selectedTheme: github-dark, autoSyncWithProject: true} @ webpack-internal:///(app-pages-browser)/./lib/store.ts:1130
[   12533ms] [LOG] ✅ [GlobalDataProvider] Applied code editor preferences from backend {selectedTheme: undefined, autoSyncWithProject: undefined} @ webpack-internal:///(app-pages-browser)/./components/global-data-provider.tsx:344
[   12874ms] [WARNING] Detected `scroll-behavior: smooth` on the `<html>` element. In a future version, Next.js will no longer automatically disable smooth scrolling during route transitions. To prepare for this change, add `data-scroll-behavior="smooth"` to your <html> element. Learn more: https://nextjs.org/docs/messages/missing-data-scroll-behavior @ webpack-internal:///(app-pages-browser)/./node_modules/next/dist/shared/lib/utils/warn-once.js:15
[   13509ms] [LOG] ✅ [GlobalDataProvider] Projects loaded successfully: 1 @ webpack-internal:///(app-pages-browser)/./components/global-data-provider.tsx:412
[   16603ms] [LOG] [Monaco Environment] ✅ Markdown language registered globally @ webpack-internal:///(app-pages-browser)/./lib/monaco-environment.ts:260
[   16603ms] [LOG] [Monaco Environment] ✅ Full language service workers configured @ webpack-internal:///(app-pages-browser)/./lib/monaco-environment.ts:297
[   16846ms] [WARNING] Unable to determine content-length from response headers. Will expand buffer when needed. @ webpack-internal:///(app-pages-browser)/./node_modules/@xenova/transformers/src/utils/hub.js:608
[   16846ms] [WARNING] Unable to determine content-length from response headers. Will expand buffer when needed. @ webpack-internal:///(app-pages-browser)/./node_modules/@xenova/transformers/src/utils/hub.js:608
[   16846ms] [WARNING] Unable to determine content-length from response headers. Will expand buffer when needed. @ webpack-internal:///(app-pages-browser)/./node_modules/@xenova/transformers/src/utils/hub.js:608
[   16899ms] [WARNING] Unable to determine content-length from response headers. Will expand buffer when needed. @ webpack-internal:///(app-pages-browser)/./node_modules/@xenova/transformers/src/utils/hub.js:608
[   17048ms] [WARNING] 2026-05-17 04:45:32.540200 [W:onnxruntime:, graph.cc:3490 CleanUnusedInitializersAndNodeArgs] Removing initializer '/model/decoder/Constant_16_output_0'. It is not used by any node and should be removed from the model. @ webpack-internal:///(app-pages-browser)/./node_modules/@xenova/transformers/node_modules/onnxruntime-web/dist/ort-web.min.js:6
[   17048ms] [WARNING] 2026-05-17 04:45:32.540500 [W:onnxruntime:, graph.cc:3490 CleanUnusedInitializersAndNodeArgs] Removing initializer '/model/decoder/Shape_4_output_0'. It is not used by any node and should be removed from the model. @ webpack-internal:///(app-pages-browser)/./node_modules/@xenova/transformers/node_modules/onnxruntime-web/dist/ort-web.min.js:6
[   17055ms] [WARNING] 2026-05-17 04:45:32.547300 [W:onnxruntime:, graph.cc:3490 CleanUnusedInitializersAndNodeArgs] Removing initializer '/model/decoder/Constant_1_output_0'. It is not used by any node and should be removed from the model. @ webpack-internal:///(app-pages-browser)/./node_modules/@xenova/transformers/node_modules/onnxruntime-web/dist/ort-web.min.js:6
[   17055ms] [WARNING] 2026-05-17 04:45:32.547500 [W:onnxruntime:, graph.cc:3490 CleanUnusedInitializersAndNodeArgs] Removing initializer '/model/decoder/Constant_output_0'. It is not used by any node and should be removed from the model. @ webpack-internal:///(app-pages-browser)/./node_modules/@xenova/transformers/node_modules/onnxruntime-web/dist/ort-web.min.js:6
[   17055ms] [WARNING] 2026-05-17 04:45:32.547600 [W:onnxruntime:, graph.cc:3490 CleanUnusedInitializersAndNodeArgs] Removing initializer '/model/decoder/Constant_10_output_0'. It is not used by any node and should be removed from the model. @ webpack-internal:///(app-pages-browser)/./node_modules/@xenova/transformers/node_modules/onnxruntime-web/dist/ort-web.min.js:6
[   17055ms] [WARNING] 2026-05-17 04:45:32.547700 [W:onnxruntime:, graph.cc:3490 CleanUnusedInitializersAndNodeArgs] Removing initializer '/model/decoder/Constant_11_output_0'. It is not used by any node and should be removed from the model. @ webpack-internal:///(app-pages-browser)/./node_modules/@xenova/transformers/node_modules/onnxruntime-web/dist/ort-web.min.js:6
[   17055ms] [WARNING] 2026-05-17 04:45:32.547800 [W:onnxruntime:, graph.cc:3490 CleanUnusedInitializersAndNodeArgs] Removing initializer '/model/decoder/Constant_2_output_0'. It is not used by any node and should be removed from the model. @ webpack-internal:///(app-pages-browser)/./node_modules/@xenova/transformers/node_modules/onnxruntime-web/dist/ort-web.min.js:6
[   17055ms] [WARNING] 2026-05-17 04:45:32.547900 [W:onnxruntime:, graph.cc:3490 CleanUnusedInitializersAndNodeArgs] Removing initializer '/model/decoder/Constant_12_output_0'. It is not used by any node and should be removed from the model. @ webpack-internal:///(app-pages-browser)/./node_modules/@xenova/transformers/node_modules/onnxruntime-web/dist/ort-web.min.js:6
[   17055ms] [WARNING] 2026-05-17 04:45:32.547900 [W:onnxruntime:, graph.cc:3490 CleanUnusedInitializersAndNodeArgs] Removing initializer '/model/decoder/Constant_9_output_0'. It is not used by any node and should be removed from the model. @ webpack-internal:///(app-pages-browser)/./node_modules/@xenova/transformers/node_modules/onnxruntime-web/dist/ort-web.min.js:6
[   17080ms] [WARNING] 2026-05-17 04:45:32.572600 [W:onnxruntime:, graph.cc:3490 CleanUnusedInitializersAndNodeArgs] Removing initializer '/model/decoder/layers.3/activation_fn/Constant_2_output_0'. It is not used by any node and should be removed from the model. @ webpack-internal:///(app-pages-browser)/./node_modules/@xenova/transformers/node_modules/onnxruntime-web/dist/ort-web.min.js:6
[   17080ms] [WARNING] 2026-05-17 04:45:32.572800 [W:onnxruntime:, graph.cc:3490 CleanUnusedInitializersAndNodeArgs] Removing initializer '/model/decoder/layers.3/activation_fn/Constant_output_0'. It is not used by any node and should be removed from the model. @ webpack-internal:///(app-pages-browser)/./node_modules/@xenova/transformers/node_modules/onnxruntime-web/dist/ort-web.min.js:6
[   17080ms] [WARNING] 2026-05-17 04:45:32.572900 [W:onnxruntime:, graph.cc:3490 CleanUnusedInitializersAndNodeArgs] Removing initializer '/model/decoder/layers.2/activation_fn/Constant_2_output_0'. It is not used by any node and should be removed from the model. @ webpack-internal:///(app-pages-browser)/./node_modules/@xenova/transformers/node_modules/onnxruntime-web/dist/ort-web.min.js:6
[   17080ms] [WARNING] 2026-05-17 04:45:32.573000 [W:onnxruntime:, graph.cc:3490 CleanUnusedInitializersAndNodeArgs] Removing initializer '/model/decoder/layers.2/activation_fn/Constant_output_0'. It is not used by any node and should be removed from the model. @ webpack-internal:///(app-pages-browser)/./node_modules/@xenova/transformers/node_modules/onnxruntime-web/dist/ort-web.min.js:6
[   17080ms] [WARNING] 2026-05-17 04:45:32.573000 [W:onnxruntime:, graph.cc:3490 CleanUnusedInitializersAndNodeArgs] Removing initializer '/model/decoder/layers.1/activation_fn/Constant_output_0'. It is not used by any node and should be removed from the model. @ webpack-internal:///(app-pages-browser)/./node_modules/@xenova/transformers/node_modules/onnxruntime-web/dist/ort-web.min.js:6
[   17080ms] [WARNING] 2026-05-17 04:45:32.573100 [W:onnxruntime:, graph.cc:3490 CleanUnusedInitializersAndNodeArgs] Removing initializer '/model/decoder/layers.0/activation_fn/Constant_2_output_0'. It is not used by any node and should be removed from the model. @ webpack-internal:///(app-pages-browser)/./node_modules/@xenova/transformers/node_modules/onnxruntime-web/dist/ort-web.min.js:6
[   17080ms] [WARNING] 2026-05-17 04:45:32.573200 [W:onnxruntime:, graph.cc:3490 CleanUnusedInitializersAndNodeArgs] Removing initializer '/model/decoder/layers.3/activation_fn/Constant_1_output_0'. It is not used by any node and should be removed from the model. @ webpack-internal:///(app-pages-browser)/./node_modules/@xenova/transformers/node_modules/onnxruntime-web/dist/ort-web.min.js:6
[   17081ms] [WARNING] 2026-05-17 04:45:32.573300 [W:onnxruntime:, graph.cc:3490 CleanUnusedInitializersAndNodeArgs] Removing initializer '/model/decoder/layers.0/activation_fn/Constant_1_output_0'. It is not used by any node and should be removed from the model. @ webpack-internal:///(app-pages-browser)/./node_modules/@xenova/transformers/node_modules/onnxruntime-web/dist/ort-web.min.js:6
[   17081ms] [WARNING] 2026-05-17 04:45:32.573300 [W:onnxruntime:, graph.cc:3490 CleanUnusedInitializersAndNodeArgs] Removing initializer '/model/decoder/layers.1/activation_fn/Constant_1_output_0'. It is not used by any node and should be removed from the model. @ webpack-internal:///(app-pages-browser)/./node_modules/@xenova/transformers/node_modules/onnxruntime-web/dist/ort-web.min.js:6
[   17081ms] [WARNING] 2026-05-17 04:45:32.573400 [W:onnxruntime:, graph.cc:3490 CleanUnusedInitializersAndNodeArgs] Removing initializer '/model/decoder/layers.1/activation_fn/Constant_2_output_0'. It is not used by any node and should be removed from the model. @ webpack-internal:///(app-pages-browser)/./node_modules/@xenova/transformers/node_modules/onnxruntime-web/dist/ort-web.min.js:6
[   17081ms] [WARNING] 2026-05-17 04:45:32.573400 [W:onnxruntime:, graph.cc:3490 CleanUnusedInitializersAndNodeArgs] Removing initializer '/model/decoder/layers.2/activation_fn/Constant_1_output_0'. It is not used by any node and should be removed from the model. @ webpack-internal:///(app-pages-browser)/./node_modules/@xenova/transformers/node_modules/onnxruntime-web/dist/ort-web.min.js:6
[   17081ms] [WARNING] 2026-05-17 04:45:32.573500 [W:onnxruntime:, graph.cc:3490 CleanUnusedInitializersAndNodeArgs] Removing initializer '/model/decoder/layers.0/activation_fn/Constant_output_0'. It is not used by any node and should be removed from the model. @ webpack-internal:///(app-pages-browser)/./node_modules/@xenova/transformers/node_modules/onnxruntime-web/dist/ort-web.min.js:6
[   17081ms] [WARNING] 2026-05-17 04:45:32.573700 [W:onnxruntime:, graph.cc:3490 CleanUnusedInitializersAndNodeArgs] Removing initializer '/model/decoder/layers.3/activation_fn/Constant_2_output_0'. It is not used by any node and should be removed from the model. @ webpack-internal:///(app-pages-browser)/./node_modules/@xenova/transformers/node_modules/onnxruntime-web/dist/ort-web.min.js:6
[   17081ms] [WARNING] 2026-05-17 04:45:32.573700 [W:onnxruntime:, graph.cc:3490 CleanUnusedInitializersAndNodeArgs] Removing initializer '/model/decoder/layers.3/activation_fn/Constant_output_0'. It is not used by any node and should be removed from the model. @ webpack-internal:///(app-pages-browser)/./node_modules/@xenova/transformers/node_modules/onnxruntime-web/dist/ort-web.min.js:6
[   17081ms] [WARNING] 2026-05-17 04:45:32.573800 [W:onnxruntime:, graph.cc:3490 CleanUnusedInitializersAndNodeArgs] Removing initializer '/model/decoder/layers.2/activation_fn/Constant_2_output_0'. It is not used by any node and should be removed from the model. @ webpack-internal:///(app-pages-browser)/./node_modules/@xenova/transformers/node_modules/onnxruntime-web/dist/ort-web.min.js:6
[   17081ms] [WARNING] 2026-05-17 04:45:32.573900 [W:onnxruntime:, graph.cc:3490 CleanUnusedInitializersAndNodeArgs] Removing initializer '/model/decoder/layers.2/activation_fn/Constant_output_0'. It is not used by any node and should be removed from the model. @ webpack-internal:///(app-pages-browser)/./node_modules/@xenova/transformers/node_modules/onnxruntime-web/dist/ort-web.min.js:6
[   17081ms] [WARNING] 2026-05-17 04:45:32.573900 [W:onnxruntime:, graph.cc:3490 CleanUnusedInitializersAndNodeArgs] Removing initializer '/model/decoder/layers.1/activation_fn/Constant_output_0'. It is not used by any node and should be removed from the model. @ webpack-internal:///(app-pages-browser)/./node_modules/@xenova/transformers/node_modules/onnxruntime-web/dist/ort-web.min.js:6
[   17081ms] [WARNING] 2026-05-17 04:45:32.574000 [W:onnxruntime:, graph.cc:3490 CleanUnusedInitializersAndNodeArgs] Removing initializer '/model/decoder/layers.0/activation_fn/Constant_2_output_0'. It is not used by any node and should be removed from the model. @ webpack-internal:///(app-pages-browser)/./node_modules/@xenova/transformers/node_modules/onnxruntime-web/dist/ort-web.min.js:6
[   17081ms] [WARNING] 2026-05-17 04:45:32.574100 [W:onnxruntime:, graph.cc:3490 CleanUnusedInitializersAndNodeArgs] Removing initializer '/model/decoder/layers.3/activation_fn/Constant_1_output_0'. It is not used by any node and should be removed from the model. @ webpack-internal:///(app-pages-browser)/./node_modules/@xenova/transformers/node_modules/onnxruntime-web/dist/ort-web.min.js:6
[   17081ms] [WARNING] 2026-05-17 04:45:32.574200 [W:onnxruntime:, graph.cc:3490 CleanUnusedInitializersAndNodeArgs] Removing initializer '/model/decoder/layers.0/activation_fn/Constant_1_output_0'. It is not used by any node and should be removed from the model. @ webpack-internal:///(app-pages-browser)/./node_modules/@xenova/transformers/node_modules/onnxruntime-web/dist/ort-web.min.js:6
[   17081ms] [WARNING] 2026-05-17 04:45:32.574200 [W:onnxruntime:, graph.cc:3490 CleanUnusedInitializersAndNodeArgs] Removing initializer '/model/decoder/layers.1/activation_fn/Constant_1_output_0'. It is not used by any node and should be removed from the model. @ webpack-internal:///(app-pages-browser)/./node_modules/@xenova/transformers/node_modules/onnxruntime-web/dist/ort-web.min.js:6
[   17082ms] [WARNING] 2026-05-17 04:45:32.574200 [W:onnxruntime:, graph.cc:3490 CleanUnusedInitializersAndNodeArgs] Removing initializer '/model/decoder/layers.0/activation_fn/Constant_output_0'. It is not used by any node and should be removed from the model. @ webpack-internal:///(app-pages-browser)/./node_modules/@xenova/transformers/node_modules/onnxruntime-web/dist/ort-web.min.js:6
[   17082ms] [WARNING] 2026-05-17 04:45:32.574300 [W:onnxruntime:, graph.cc:3490 CleanUnusedInitializersAndNodeArgs] Removing initializer '/model/decoder/layers.2/activation_fn/Constant_1_output_0'. It is not used by any node and should be removed from the model. @ webpack-internal:///(app-pages-browser)/./node_modules/@xenova/transformers/node_modules/onnxruntime-web/dist/ort-web.min.js:6
[   17082ms] [WARNING] 2026-05-17 04:45:32.574400 [W:onnxruntime:, graph.cc:3490 CleanUnusedInitializersAndNodeArgs] Removing initializer '/model/decoder/layers.1/activation_fn/Constant_2_output_0'. It is not used by any node and should be removed from the model. @ webpack-internal:///(app-pages-browser)/./node_modules/@xenova/transformers/node_modules/onnxruntime-web/dist/ort-web.min.js:6
[   17087ms] [WARNING] 2026-05-17 04:45:32.580000 [W:onnxruntime:, graph.cc:3490 CleanUnusedInitializersAndNodeArgs] Removing initializer '/model/decoder/layers.3/final_layer_norm/Constant_1_output_0'. It is not used by any node and should be removed from the model. @ webpack-internal:///(app-pages-browser)/./node_modules/@xenova/transformers/node_modules/onnxruntime-web/dist/ort-web.min.js:6
[   17088ms] [WARNING] 2026-05-17 04:45:32.580200 [W:onnxruntime:, graph.cc:3490 CleanUnusedInitializersAndNodeArgs] Removing initializer '/model/decoder/layers.3/final_layer_norm/Constant_output_0'. It is not used by any node and should be removed from the model. @ webpack-internal:///(app-pages-browser)/./node_modules/@xenova/transformers/node_modules/onnxruntime-web/dist/ort-web.min.js:6
[   17088ms] [WARNING] 2026-05-17 04:45:32.580300 [W:onnxruntime:, graph.cc:3490 CleanUnusedInitializersAndNodeArgs] Removing initializer '/model/decoder/layers.2/final_layer_norm/Constant_output_0'. It is not used by any node and should be removed from the model. @ webpack-internal:///(app-pages-browser)/./node_modules/@xenova/transformers/node_modules/onnxruntime-web/dist/ort-web.min.js:6
[   17088ms] [WARNING] 2026-05-17 04:45:32.580300 [W:onnxruntime:, graph.cc:3490 CleanUnusedInitializersAndNodeArgs] Removing initializer '/model/decoder/layers.3/self_attn_layer_norm/Constant_output_0'. It is not used by any node and should be removed from the model. @ webpack-internal:///(app-pages-browser)/./node_modules/@xenova/transformers/node_modules/onnxruntime-web/dist/ort-web.min.js:6
[   17088ms] [WARNING] 2026-05-17 04:45:32.580400 [W:onnxruntime:, graph.cc:3490 CleanUnusedInitializersAndNodeArgs] Removing initializer '/model/decoder/layers.2/final_layer_norm/Constant_1_output_0'. It is not used by any node and should be removed from the model. @ webpack-internal:///(app-pages-browser)/./node_modules/@xenova/transformers/node_modules/onnxruntime-web/dist/ort-web.min.js:6
[   17088ms] [WARNING] 2026-05-17 04:45:32.580500 [W:onnxruntime:, graph.cc:3490 CleanUnusedInitializersAndNodeArgs] Removing initializer '/model/decoder/layers.2/self_attn_layer_norm/Constant_1_output_0'. It is not used by any node and should be removed from the model. @ webpack-internal:///(app-pages-browser)/./node_modules/@xenova/transformers/node_modules/onnxruntime-web/dist/ort-web.min.js:6
[   17088ms] [WARNING] 2026-05-17 04:45:32.580500 [W:onnxruntime:, graph.cc:3490 CleanUnusedInitializersAndNodeArgs] Removing initializer '/model/decoder/layers.3/encoder_attn_layer_norm/Constant_1_output_0'. It is not used by any node and should be removed from the model. @ webpack-internal:///(app-pages-browser)/./node_modules/@xenova/transformers/node_modules/onnxruntime-web/dist/ort-web.min.js:6
[   17088ms] [WARNING] 2026-05-17 04:45:32.580600 [W:onnxruntime:, graph.cc:3490 CleanUnusedInitializersAndNodeArgs] Removing initializer '/model/decoder/layers.0/self_attn_layer_norm/Constant_output_0'. It is not used by any node and should be removed from the model. @ webpack-internal:///(app-pages-browser)/./node_modules/@xenova/transformers/node_modules/onnxruntime-web/dist/ort-web.min.js:6
[   17088ms] [WARNING] 2026-05-17 04:45:32.580600 [W:onnxruntime:, graph.cc:3490 CleanUnusedInitializersAndNodeArgs] Removing initializer '/model/decoder/layers.2/encoder_attn_layer_norm/Constant_1_output_0'. It is not used by any node and should be removed from the model. @ webpack-internal:///(app-pages-browser)/./node_modules/@xenova/transformers/node_modules/onnxruntime-web/dist/ort-web.min.js:6
[   17088ms] [WARNING] 2026-05-17 04:45:32.580700 [W:onnxruntime:, graph.cc:3490 CleanUnusedInitializersAndNodeArgs] Removing initializer '/model/decoder/layers.2/encoder_attn_layer_norm/Constant_output_0'. It is not used by any node and should be removed from the model. @ webpack-internal:///(app-pages-browser)/./node_modules/@xenova/transformers/node_modules/onnxruntime-web/dist/ort-web.min.js:6
[   17088ms] [WARNING] 2026-05-17 04:45:32.580800 [W:onnxruntime:, graph.cc:3490 CleanUnusedInitializersAndNodeArgs] Removing initializer '/model/decoder/layers.0/encoder_attn_layer_norm/Constant_1_output_0'. It is not used by any node and should be removed from the model. @ webpack-internal:///(app-pages-browser)/./node_modules/@xenova/transformers/node_modules/onnxruntime-web/dist/ort-web.min.js:6
[   17088ms] [WARNING] 2026-05-17 04:45:32.580800 [W:onnxruntime:, graph.cc:3490 CleanUnusedInitializersAndNodeArgs] Removing initializer '/model/decoder/layers.3/self_attn_layer_norm/Constant_1_output_0'. It is not used by any node and should be removed from the model. @ webpack-internal:///(app-pages-browser)/./node_modules/@xenova/transformers/node_modules/onnxruntime-web/dist/ort-web.min.js:6
[   17088ms] [WARNING] 2026-05-17 04:45:32.580900 [W:onnxruntime:, graph.cc:3490 CleanUnusedInitializersAndNodeArgs] Removing initializer '/model/decoder/layers.2/self_attn_layer_norm/Constant_output_0'. It is not used by any node and should be removed from the model. @ webpack-internal:///(app-pages-browser)/./node_modules/@xenova/transformers/node_modules/onnxruntime-web/dist/ort-web.min.js:6
[   17088ms] [WARNING] 2026-05-17 04:45:32.580900 [W:onnxruntime:, graph.cc:3490 CleanUnusedInitializersAndNodeArgs] Removing initializer '/model/decoder/layers.1/final_layer_norm/Constant_1_output_0'. It is not used by any node and should be removed from the model. @ webpack-internal:///(app-pages-browser)/./node_modules/@xenova/transformers/node_modules/onnxruntime-web/dist/ort-web.min.js:6
[   17088ms] [WARNING] 2026-05-17 04:45:32.581000 [W:onnxruntime:, graph.cc:3490 CleanUnusedInitializersAndNodeArgs] Removing initializer '/model/decoder/layers.1/final_layer_norm/Constant_output_0'. It is not used by any node and should be removed from the model. @ webpack-internal:///(app-pages-browser)/./node_modules/@xenova/transformers/node_modules/onnxruntime-web/dist/ort-web.min.js:6
[   17088ms] [WARNING] 2026-05-17 04:45:32.581000 [W:onnxruntime:, graph.cc:3490 CleanUnusedInitializersAndNodeArgs] Removing initializer '/model/decoder/layers.0/final_layer_norm/Constant_1_output_0'. It is not used by any node and should be removed from the model. @ webpack-internal:///(app-pages-browser)/./node_modules/@xenova/transformers/node_modules/onnxruntime-web/dist/ort-web.min.js:6
[   17088ms] [WARNING] 2026-05-17 04:45:32.581200 [W:onnxruntime:, graph.cc:3490 CleanUnusedInitializersAndNodeArgs] Removing initializer '/model/decoder/layers.1/encoder_attn_layer_norm/Constant_1_output_0'. It is not used by any node and should be removed from the model. @ webpack-internal:///(app-pages-browser)/./node_modules/@xenova/transformers/node_modules/onnxruntime-web/dist/ort-web.min.js:6
[   17088ms] [WARNING] 2026-05-17 04:45:32.581200 [W:onnxruntime:, graph.cc:3490 CleanUnusedInitializersAndNodeArgs] Removing initializer '/model/decoder/layers.0/final_layer_norm/Constant_output_0'. It is not used by any node and should be removed from the model. @ webpack-internal:///(app-pages-browser)/./node_modules/@xenova/transformers/node_modules/onnxruntime-web/dist/ort-web.min.js:6
[   17088ms] [WARNING] 2026-05-17 04:45:32.581300 [W:onnxruntime:, graph.cc:3490 CleanUnusedInitializersAndNodeArgs] Removing initializer '/model/decoder/layers.3/encoder_attn_layer_norm/Constant_output_0'. It is not used by any node and should be removed from the model. @ webpack-internal:///(app-pages-browser)/./node_modules/@xenova/transformers/node_modules/onnxruntime-web/dist/ort-web.min.js:6
[   17089ms] [WARNING] 2026-05-17 04:45:32.581300 [W:onnxruntime:, graph.cc:3490 CleanUnusedInitializersAndNodeArgs] Removing initializer '/model/decoder/layer_norm/Constant_output_0'. It is not used by any node and should be removed from the model. @ webpack-internal:///(app-pages-browser)/./node_modules/@xenova/transformers/node_modules/onnxruntime-web/dist/ort-web.min.js:6
[   17089ms] [WARNING] 2026-05-17 04:45:32.581300 [W:onnxruntime:, graph.cc:3490 CleanUnusedInitializersAndNodeArgs] Removing initializer '/model/decoder/layers.1/self_attn_layer_norm/Constant_1_output_0'. It is not used by any node and should be removed from the model. @ webpack-internal:///(app-pages-browser)/./node_modules/@xenova/transformers/node_modules/onnxruntime-web/dist/ort-web.min.js:6
[   17089ms] [WARNING] 2026-05-17 04:45:32.581400 [W:onnxruntime:, graph.cc:3490 CleanUnusedInitializersAndNodeArgs] Removing initializer '/model/decoder/layers.0/encoder_attn_layer_norm/Constant_output_0'. It is not used by any node and should be removed from the model. @ webpack-internal:///(app-pages-browser)/./node_modules/@xenova/transformers/node_modules/onnxruntime-web/dist/ort-web.min.js:6
[   17089ms] [WARNING] 2026-05-17 04:45:32.581400 [W:onnxruntime:, graph.cc:3490 CleanUnusedInitializersAndNodeArgs] Removing initializer '/model/decoder/layer_norm/Constant_1_output_0'. It is not used by any node and should be removed from the model. @ webpack-internal:///(app-pages-browser)/./node_modules/@xenova/transformers/node_modules/onnxruntime-web/dist/ort-web.min.js:6
[   17089ms] [WARNING] 2026-05-17 04:45:32.581500 [W:onnxruntime:, graph.cc:3490 CleanUnusedInitializersAndNodeArgs] Removing initializer '/model/decoder/layers.1/self_attn_layer_norm/Constant_output_0'. It is not used by any node and should be removed from the model. @ webpack-internal:///(app-pages-browser)/./node_modules/@xenova/transformers/node_modules/onnxruntime-web/dist/ort-web.min.js:6
[   17089ms] [WARNING] 2026-05-17 04:45:32.581600 [W:onnxruntime:, graph.cc:3490 CleanUnusedInitializersAndNodeArgs] Removing initializer '/model/decoder/layers.0/self_attn_layer_norm/Constant_1_output_0'. It is not used by any node and should be removed from the model. @ webpack-internal:///(app-pages-browser)/./node_modules/@xenova/transformers/node_modules/onnxruntime-web/dist/ort-web.min.js:6
[   17089ms] [WARNING] 2026-05-17 04:45:32.581600 [W:onnxruntime:, graph.cc:3490 CleanUnusedInitializersAndNodeArgs] Removing initializer '/model/decoder/layers.1/encoder_attn_layer_norm/Constant_output_0'. It is not used by any node and should be removed from the model. @ webpack-internal:///(app-pages-browser)/./node_modules/@xenova/transformers/node_modules/onnxruntime-web/dist/ort-web.min.js:6
[   17089ms] [WARNING] 2026-05-17 04:45:32.581800 [W:onnxruntime:, graph.cc:3490 CleanUnusedInitializersAndNodeArgs] Removing initializer '/model/decoder/layers.3/final_layer_norm/Constant_1_output_0'. It is not used by any node and should be removed from the model. @ webpack-internal:///(app-pages-browser)/./node_modules/@xenova/transformers/node_modules/onnxruntime-web/dist/ort-web.min.js:6
[   17089ms] [WARNING] 2026-05-17 04:45:32.581900 [W:onnxruntime:, graph.cc:3490 CleanUnusedInitializersAndNodeArgs] Removing initializer '/model/decoder/layers.3/final_layer_norm/Constant_output_0'. It is not used by any node and should be removed from the model. @ webpack-internal:///(app-pages-browser)/./node_modules/@xenova/transformers/node_modules/onnxruntime-web/dist/ort-web.min.js:6
[   17089ms] [WARNING] 2026-05-17 04:45:32.581900 [W:onnxruntime:, graph.cc:3490 CleanUnusedInitializersAndNodeArgs] Removing initializer '/model/decoder/layers.3/encoder_attn_layer_norm/Constant_1_output_0'. It is not used by any node and should be removed from the model. @ webpack-internal:///(app-pages-browser)/./node_modules/@xenova/transformers/node_modules/onnxruntime-web/dist/ort-web.min.js:6
[   17089ms] [WARNING] 2026-05-17 04:45:32.582000 [W:onnxruntime:, graph.cc:3490 CleanUnusedInitializersAndNodeArgs] Removing initializer '/model/decoder/layers.3/encoder_attn_layer_norm/Constant_output_0'. It is not used by any node and should be removed from the model. @ webpack-internal:///(app-pages-browser)/./node_modules/@xenova/transformers/node_modules/onnxruntime-web/dist/ort-web.min.js:6
[   17089ms] [WARNING] 2026-05-17 04:45:32.582100 [W:onnxruntime:, graph.cc:3490 CleanUnusedInitializersAndNodeArgs] Removing initializer '/model/decoder/layers.3/self_attn_layer_norm/Constant_output_0'. It is not used by any node and should be removed from the model. @ webpack-internal:///(app-pages-browser)/./node_modules/@xenova/transformers/node_modules/onnxruntime-web/dist/ort-web.min.js:6
[   17089ms] [WARNING] 2026-05-17 04:45:32.582100 [W:onnxruntime:, graph.cc:3490 CleanUnusedInitializersAndNodeArgs] Removing initializer '/model/decoder/layers.2/final_layer_norm/Constant_1_output_0'. It is not used by any node and should be removed from the model. @ webpack-internal:///(app-pages-browser)/./node_modules/@xenova/transformers/node_modules/onnxruntime-web/dist/ort-web.min.js:6
[   17089ms] [WARNING] 2026-05-17 04:45:32.582100 [W:onnxruntime:, graph.cc:3490 CleanUnusedInitializersAndNodeArgs] Removing initializer '/model/decoder/layers.0/self_attn_layer_norm/Constant_output_0'. It is not used by any node and should be removed from the model. @ webpack-internal:///(app-pages-browser)/./node_modules/@xenova/transformers/node_modules/onnxruntime-web/dist/ort-web.min.js:6
[   17089ms] [WARNING] 2026-05-17 04:45:32.582200 [W:onnxruntime:, graph.cc:3490 CleanUnusedInitializersAndNodeArgs] Removing initializer '/model/decoder/layers.2/encoder_attn_layer_norm/Constant_output_0'. It is not used by any node and should be removed from the model. @ webpack-internal:///(app-pages-browser)/./node_modules/@xenova/transformers/node_modules/onnxruntime-web/dist/ort-web.min.js:6
[   17090ms] [WARNING] 2026-05-17 04:45:32.582200 [W:onnxruntime:, graph.cc:3490 CleanUnusedInitializersAndNodeArgs] Removing initializer '/model/decoder/layers.2/encoder_attn_layer_norm/Constant_1_output_0'. It is not used by any node and should be removed from the model. @ webpack-internal:///(app-pages-browser)/./node_modules/@xenova/transformers/node_modules/onnxruntime-web/dist/ort-web.min.js:6
[   17090ms] [WARNING] 2026-05-17 04:45:32.582300 [W:onnxruntime:, graph.cc:3490 CleanUnusedInitializersAndNodeArgs] Removing initializer '/model/decoder/layers.0/encoder_attn_layer_norm/Constant_1_output_0'. It is not used by any node and should be removed from the model. @ webpack-internal:///(app-pages-browser)/./node_modules/@xenova/transformers/node_modules/onnxruntime-web/dist/ort-web.min.js:6
[   17090ms] [WARNING] 2026-05-17 04:45:32.582400 [W:onnxruntime:, graph.cc:3490 CleanUnusedInitializersAndNodeArgs] Removing initializer '/model/decoder/layers.3/self_attn_layer_norm/Constant_1_output_0'. It is not used by any node and should be removed from the model. @ webpack-internal:///(app-pages-browser)/./node_modules/@xenova/transformers/node_modules/onnxruntime-web/dist/ort-web.min.js:6
[   17090ms] [WARNING] 2026-05-17 04:45:32.582500 [W:onnxruntime:, graph.cc:3490 CleanUnusedInitializersAndNodeArgs] Removing initializer '/model/decoder/layers.2/self_attn_layer_norm/Constant_output_0'. It is not used by any node and should be removed from the model. @ webpack-internal:///(app-pages-browser)/./node_modules/@xenova/transformers/node_modules/onnxruntime-web/dist/ort-web.min.js:6
[   17090ms] [WARNING] 2026-05-17 04:45:32.582500 [W:onnxruntime:, graph.cc:3490 CleanUnusedInitializersAndNodeArgs] Removing initializer '/model/decoder/layers.1/final_layer_norm/Constant_1_output_0'. It is not used by any node and should be removed from the model. @ webpack-internal:///(app-pages-browser)/./node_modules/@xenova/transformers/node_modules/onnxruntime-web/dist/ort-web.min.js:6
[   17090ms] [WARNING] 2026-05-17 04:45:32.582600 [W:onnxruntime:, graph.cc:3490 CleanUnusedInitializersAndNodeArgs] Removing initializer '/model/decoder/layers.2/final_layer_norm/Constant_output_0'. It is not used by any node and should be removed from the model. @ webpack-internal:///(app-pages-browser)/./node_modules/@xenova/transformers/node_modules/onnxruntime-web/dist/ort-web.min.js:6
[   17090ms] [WARNING] 2026-05-17 04:45:32.582600 [W:onnxruntime:, graph.cc:3490 CleanUnusedInitializersAndNodeArgs] Removing initializer '/model/decoder/layers.1/encoder_attn_layer_norm/Constant_output_0'. It is not used by any node and should be removed from the model. @ webpack-internal:///(app-pages-browser)/./node_modules/@xenova/transformers/node_modules/onnxruntime-web/dist/ort-web.min.js:6
[   17090ms] [WARNING] 2026-05-17 04:45:32.582600 [W:onnxruntime:, graph.cc:3490 CleanUnusedInitializersAndNodeArgs] Removing initializer '/model/decoder/layers.1/final_layer_norm/Constant_output_0'. It is not used by any node and should be removed from the model. @ webpack-internal:///(app-pages-browser)/./node_modules/@xenova/transformers/node_modules/onnxruntime-web/dist/ort-web.min.js:6
[   17090ms] [WARNING] 2026-05-17 04:45:32.582700 [W:onnxruntime:, graph.cc:3490 CleanUnusedInitializersAndNodeArgs] Removing initializer '/model/decoder/layers.0/final_layer_norm/Constant_1_output_0'. It is not used by any node and should be removed from the model. @ webpack-internal:///(app-pages-browser)/./node_modules/@xenova/transformers/node_modules/onnxruntime-web/dist/ort-web.min.js:6
[   17090ms] [WARNING] 2026-05-17 04:45:32.582800 [W:onnxruntime:, graph.cc:3490 CleanUnusedInitializersAndNodeArgs] Removing initializer '/model/decoder/layers.0/final_layer_norm/Constant_output_0'. It is not used by any node and should be removed from the model. @ webpack-internal:///(app-pages-browser)/./node_modules/@xenova/transformers/node_modules/onnxruntime-web/dist/ort-web.min.js:6
[   17090ms] [WARNING] 2026-05-17 04:45:32.582800 [W:onnxruntime:, graph.cc:3490 CleanUnusedInitializersAndNodeArgs] Removing initializer '/model/decoder/layer_norm/Constant_output_0'. It is not used by any node and should be removed from the model. @ webpack-internal:///(app-pages-browser)/./node_modules/@xenova/transformers/node_modules/onnxruntime-web/dist/ort-web.min.js:6
[   17090ms] [WARNING] 2026-05-17 04:45:32.582800 [W:onnxruntime:, graph.cc:3490 CleanUnusedInitializersAndNodeArgs] Removing initializer '/model/decoder/layers.1/encoder_attn_layer_norm/Constant_1_output_0'. It is not used by any node and should be removed from the model. @ webpack-internal:///(app-pages-browser)/./node_modules/@xenova/transformers/node_modules/onnxruntime-web/dist/ort-web.min.js:6
[   17090ms] [WARNING] 2026-05-17 04:45:32.582900 [W:onnxruntime:, graph.cc:3490 CleanUnusedInitializersAndNodeArgs] Removing initializer '/model/decoder/layers.1/self_attn_layer_norm/Constant_1_output_0'. It is not used by any node and should be removed from the model. @ webpack-internal:///(app-pages-browser)/./node_modules/@xenova/transformers/node_modules/onnxruntime-web/dist/ort-web.min.js:6
[   17090ms] [WARNING] 2026-05-17 04:45:32.583000 [W:onnxruntime:, graph.cc:3490 CleanUnusedInitializersAndNodeArgs] Removing initializer '/model/decoder/layer_norm/Constant_1_output_0'. It is not used by any node and should be removed from the model. @ webpack-internal:///(app-pages-browser)/./node_modules/@xenova/transformers/node_modules/onnxruntime-web/dist/ort-web.min.js:6
[   17090ms] [WARNING] 2026-05-17 04:45:32.583000 [W:onnxruntime:, graph.cc:3490 CleanUnusedInitializersAndNodeArgs] Removing initializer '/model/decoder/layers.0/encoder_attn_layer_norm/Constant_output_0'. It is not used by any node and should be removed from the model. @ webpack-internal:///(app-pages-browser)/./node_modules/@xenova/transformers/node_modules/onnxruntime-web/dist/ort-web.min.js:6
[   17090ms] [WARNING] 2026-05-17 04:45:32.583100 [W:onnxruntime:, graph.cc:3490 CleanUnusedInitializersAndNodeArgs] Removing initializer '/model/decoder/layers.2/self_attn_layer_norm/Constant_1_output_0'. It is not used by any node and should be removed from the model. @ webpack-internal:///(app-pages-browser)/./node_modules/@xenova/transformers/node_modules/onnxruntime-web/dist/ort-web.min.js:6
[   17090ms] [WARNING] 2026-05-17 04:45:32.583100 [W:onnxruntime:, graph.cc:3490 CleanUnusedInitializersAndNodeArgs] Removing initializer '/model/decoder/layers.0/self_attn_layer_norm/Constant_1_output_0'. It is not used by any node and should be removed from the model. @ webpack-internal:///(app-pages-browser)/./node_modules/@xenova/transformers/node_modules/onnxruntime-web/dist/ort-web.min.js:6
[   17090ms] [WARNING] 2026-05-17 04:45:32.583200 [W:onnxruntime:, graph.cc:3490 CleanUnusedInitializersAndNodeArgs] Removing initializer '/model/decoder/layers.1/self_attn_layer_norm/Constant_output_0'. It is not used by any node and should be removed from the model. @ webpack-internal:///(app-pages-browser)/./node_modules/@xenova/transformers/node_modules/onnxruntime-web/dist/ort-web.min.js:6
[   42904ms] [LOG] THREE.WebGLRenderer: Context Lost. @ webpack-internal:///(app-pages-browser)/./node_modules/three/build/three.module.js:10443
[   42904ms] [LOG] THREE.WebGLRenderer: Context Lost. @ webpack-internal:///(app-pages-browser)/./node_modules/three/build/three.module.js:10443
[   42904ms] [LOG] THREE.WebGLRenderer: Context Lost. @ webpack-internal:///(app-pages-browser)/./node_modules/three/build/three.module.js:10443
[   42904ms] [LOG] THREE.WebGLRenderer: Context Lost. @ webpack-internal:///(app-pages-browser)/./node_modules/three/build/three.module.js:10443
[   42904ms] [LOG] THREE.WebGLRenderer: Context Lost. @ webpack-internal:///(app-pages-browser)/./node_modules/three/build/three.module.js:10443
[  133676ms] [LOG] [Fast Refresh] rebuilding @ webpack-internal:///(app-pages-browser)/./node_modules/next/dist/client/dev/hot-reloader/app/hot-reloader-app.js:183
[  137208ms] [LOG] [Fast Refresh] done in 3533ms @ webpack-internal:///(app-pages-browser)/./node_modules/next/dist/client/dev/report-hmr-latency.js:13
[  142803ms] [LOG] [Fast Refresh] rebuilding @ webpack-internal:///(app-pages-browser)/./node_modules/next/dist/client/dev/hot-reloader/app/hot-reloader-app.js:183
[  146792ms] [LOG] [Fast Refresh] done in 3990ms @ webpack-internal:///(app-pages-browser)/./node_modules/next/dist/client/dev/report-hmr-latency.js:13
[  157384ms] [LOG] [Fast Refresh] rebuilding @ webpack-internal:///(app-pages-browser)/./node_modules/next/dist/client/dev/hot-reloader/app/hot-reloader-app.js:183
[  158922ms] [LOG] [Fast Refresh] done in 1537ms @ webpack-internal:///(app-pages-browser)/./node_modules/next/dist/client/dev/report-hmr-latency.js:13
[  168683ms] [LOG] [Fast Refresh] rebuilding @ webpack-internal:///(app-pages-browser)/./node_modules/next/dist/client/dev/hot-reloader/app/hot-reloader-app.js:183
[  173027ms] [LOG] [Fast Refresh] done in 4345ms @ webpack-internal:///(app-pages-browser)/./node_modules/next/dist/client/dev/report-hmr-latency.js:13
